::ffff:127.0.0.1 - - [09/Sep/2020:03:50:54 +0000] "GET /api/blog/list HTTP/1.0" 200 3557 "http://106.52.197.80/" "Mozilla/5.0 (Windows NT 10.0; Win64; x64) AppleWebKit/537.36 (KHTML, like Gecko) Chrome/81.0.4044.129 Safari/537.36"
::ffff:104.152.52.7 - - [09/Sep/2020:04:33:12 +0000] "GET / HTTP/1.0" 404 160 "-" "-"
::ffff:104.152.52.7 - - [09/Sep/2020:04:33:17 +0000] "GET /nice%20ports%2C/Tri%6Eity.txt%2ebak HTTP/1.0" 404 160 "-" "-"
::ffff:104.152.52.7 - - [09/Sep/2020:04:33:20 +0000] "OPTIONS / HTTP/1.0" 404 160 "-" "-"
::ffff:80.82.70.187 - - [09/Sep/2020:05:50:26 +0000] "GET http://www.baidu.com/cache/global/img/gs.gif HTTP/1.1" 404 160 "-" "Mozilla"
::ffff:127.0.0.1 - - [09/Sep/2020:07:08:52 +0000] "GET /api/blog/detail?id%3D34 HTTP/1.0" 200 196 "-" "Mozilla/5.0 (Windows NT 6.1; WOW64; rv:57.0) Gecko/20100101 Firefox/57.0"
::ffff:104.152.52.16 - - [09/Sep/2020:08:29:28 +0000] "GET / HTTP/1.0" 404 160 "-" "-"
::ffff:104.152.52.16 - - [09/Sep/2020:08:29:30 +0000] "GET /nice%20ports%2C/Tri%6Eity.txt%2ebak HTTP/1.0" 404 160 "-" "-"
::ffff:104.152.52.16 - - [09/Sep/2020:08:29:31 +0000] "OPTIONS / HTTP/1.0" 404 160 "-" "-"
::ffff:104.152.52.12 - - [09/Sep/2020:08:48:39 +0000] "GET / HTTP/1.0" 404 160 "-" "-"
::ffff:104.152.52.12 - - [09/Sep/2020:08:48:40 +0000] "GET /nice%20ports%2C/Tri%6Eity.txt%2ebak HTTP/1.0" 404 160 "-" "-"
::ffff:104.152.52.12 - - [09/Sep/2020:08:48:44 +0000] "OPTIONS / HTTP/1.0" 404 160 "-" "-"
::ffff:104.152.52.7 - - [09/Sep/2020:10:30:43 +0000] "GET / HTTP/1.0" 404 160 "-" "-"
::ffff:104.152.52.7 - - [09/Sep/2020:10:30:45 +0000] "GET /nice%20ports%2C/Tri%6Eity.txt%2ebak HTTP/1.0" 404 160 "-" "-"
::ffff:104.152.52.7 - - [09/Sep/2020:10:30:47 +0000] "OPTIONS / HTTP/1.0" 404 160 "-" "-"
::ffff:102.165.30.53 - - [09/Sep/2020:10:53:59 +0000] "GET / HTTP/1.1" 404 160 "-" "NetSystemsResearch studies the availability of various services across the internet. Our website is netsystemsresearch.com"
::ffff:83.97.20.25 - - [09/Sep/2020:12:50:57 +0000] "GET / HTTP/1.1" 404 160 "-" "-"
::ffff:125.64.94.136 - - [09/Sep/2020:13:52:45 +0000] "GET / HTTP/1.0" 404 160 "-" "-"
::ffff:127.0.0.1 - - [09/Sep/2020:14:01:32 +0000] "POST /api/jsonws/invoke HTTP/1.0" 404 160 "-" "Mozilla/5.0 (Windows NT 10.0; Win64; x64) AppleWebKit/537.36 (KHTML, like Gecko) Chrome/78.0.3904.108 Safari/537.36"
::ffff:45.76.144.219 - - [09/Sep/2020:14:31:03 +0000] "GET / HTTP/1.1" 404 160 "-" "python-requests/2.18.4"
::ffff:80.82.70.187 - - [09/Sep/2020:15:33:20 +0000] "GET http://www.baidu.com/cache/global/img/gs.gif HTTP/1.1" 404 160 "-" "Mozilla"
::ffff:127.0.0.1 - - [09/Sep/2020:20:07:51 +0000] "GET /api/blog/list HTTP/1.0" 200 3557 "-" "Mozilla/5.0 (Windows NT 6.1; WOW64; rv:57.0) Gecko/20100101 Firefox/57.0"
::ffff:83.97.20.25 - - [09/Sep/2020:23:18:05 +0000] "GET / HTTP/1.0" 404 160 "-" "-"
::ffff:80.82.70.187 - - [10/Sep/2020:01:13:43 +0000] "GET http://www.baidu.com/cache/global/img/gs.gif HTTP/1.1" 404 160 "-" "Mozilla"
::ffff:185.39.11.105 - - [10/Sep/2020:01:55:58 +0000] "GET http://example.com/ HTTP/1.1" 404 160 "-" "Go-http-client/1.1"
::ffff:104.152.52.6 - - [10/Sep/2020:02:11:56 +0000] "GET / HTTP/1.0" 404 160 "-" "-"
::ffff:104.152.52.6 - - [10/Sep/2020:02:11:57 +0000] "GET /nice%20ports%2C/Tri%6Eity.txt%2ebak HTTP/1.0" 404 160 "-" "-"
::ffff:104.152.52.6 - - [10/Sep/2020:02:11:58 +0000] "OPTIONS / HTTP/1.0" 404 160 "-" "-"
::ffff:104.152.52.7 - - [10/Sep/2020:04:34:57 +0000] "GET / HTTP/1.0" 404 160 "-" "-"
::ffff:104.152.52.7 - - [10/Sep/2020:04:35:00 +0000] "GET /nice%20ports%2C/Tri%6Eity.txt%2ebak HTTP/1.0" 404 160 "-" "-"
::ffff:104.152.52.7 - - [10/Sep/2020:04:35:05 +0000] "OPTIONS / HTTP/1.0" 404 160 "-" "-"
::ffff:119.61.6.135 - - [10/Sep/2020:05:36:10 +0000] "GET / HTTP/1.0" 404 160 "-" "-"
::ffff:104.152.52.7 - - [10/Sep/2020:07:36:48 +0000] "GET / HTTP/1.0" 404 160 "-" "-"
::ffff:104.152.52.7 - - [10/Sep/2020:07:36:49 +0000] "GET /nice%20ports%2C/Tri%6Eity.txt%2ebak HTTP/1.0" 404 160 "-" "-"
::ffff:104.152.52.7 - - [10/Sep/2020:07:36:51 +0000] "OPTIONS / HTTP/1.0" 404 160 "-" "-"
::ffff:104.152.52.7 - - [10/Sep/2020:10:02:48 +0000] "GET / HTTP/1.0" 404 160 "-" "-"
::ffff:104.152.52.7 - - [10/Sep/2020:10:02:49 +0000] "GET /nice%20ports%2C/Tri%6Eity.txt%2ebak HTTP/1.0" 404 160 "-" "-"
::ffff:104.152.52.7 - - [10/Sep/2020:10:02:50 +0000] "OPTIONS / HTTP/1.0" 404 160 "-" "-"
::ffff:83.97.20.25 - - [10/Sep/2020:10:34:58 +0000] "GET / HTTP/1.0" 404 160 "-" "-"
::ffff:80.82.70.187 - - [10/Sep/2020:10:54:46 +0000] "GET http://www.baidu.com/cache/global/img/gs.gif HTTP/1.1" 404 160 "-" "Mozilla"
::ffff:104.152.52.2 - - [10/Sep/2020:14:20:31 +0000] "GET / HTTP/1.0" 404 160 "-" "-"
::ffff:104.152.52.2 - - [10/Sep/2020:14:20:33 +0000] "GET /nice%20ports%2C/Tri%6Eity.txt%2ebak HTTP/1.0" 404 160 "-" "-"
::ffff:104.152.52.2 - - [10/Sep/2020:14:20:35 +0000] "OPTIONS / HTTP/1.0" 404 160 "-" "-"
::ffff:182.138.137.5 - - [10/Sep/2020:16:12:45 +0000] "GET http://www.baidu.com/ HTTP/1.1" 404 160 "-" "python-requests/2.6.0 CPython/2.7.5 Linux/3.10.0-693.11.1.el7.x86_64"
::ffff:182.138.137.5 - - [10/Sep/2020:16:12:51 +0000] "GET http://wujieliulan.com/ HTTP/1.1" 404 160 "-" "python-requests/2.6.0 CPython/2.7.5 Linux/3.10.0-693.11.1.el7.x86_64"
::ffff:182.138.137.5 - - [10/Sep/2020:16:12:51 +0000] "GET http://www.minghui.org/ HTTP/1.1" 404 160 "-" "python-requests/2.6.0 CPython/2.7.5 Linux/3.10.0-693.11.1.el7.x86_64"
::ffff:182.138.137.5 - - [10/Sep/2020:16:12:51 +0000] "GET http://www.epochtimes.com/ HTTP/1.1" 404 160 "-" "python-requests/2.6.0 CPython/2.7.5 Linux/3.10.0-693.11.1.el7.x86_64"
::ffff:182.138.137.5 - - [10/Sep/2020:16:12:51 +0000] "GET http://www.boxun.com/ HTTP/1.1" 404 160 "-" "python-requests/2.6.0 CPython/2.7.5 Linux/3.10.0-693.11.1.el7.x86_64"
::ffff:182.138.137.5 - - [10/Sep/2020:16:12:51 +0000] "GET http://www.bing.com/ HTTP/1.1" 404 160 "-" "python-requests/2.6.0 CPython/2.7.5 Linux/3.10.0-693.11.1.el7.x86_64"
::ffff:182.138.137.5 - - [10/Sep/2020:16:12:51 +0000] "GET http://www.123cha.com/ HTTP/1.1" 404 160 "-" "python-requests/2.6.0 CPython/2.7.5 Linux/3.10.0-693.11.1.el7.x86_64"
::ffff:182.138.137.5 - - [10/Sep/2020:16:12:58 +0000] "GET http://www.rfa.org/ HTTP/1.1" 404 160 "-" "python-requests/2.6.0 CPython/2.7.5 Linux/3.10.0-693.11.1.el7.x86_64"
::ffff:54.198.217.192 - - [10/Sep/2020:16:50:23 +0000] "GET / HTTP/1.1" 404 160 "-" "Cloud mapping experiment. Contact research@pdrlabs.net"
::ffff:127.0.0.1 - - [10/Sep/2020:19:30:45 +0000] "POST /api/jsonws/invoke HTTP/1.0" 404 160 "-" "Mozilla/5.0 (Windows NT 10.0; Win64; x64) AppleWebKit/537.36 (KHTML, like Gecko) Chrome/78.0.3904.108 Safari/537.36"
::ffff:80.82.70.187 - - [10/Sep/2020:20:33:30 +0000] "GET http://www.baidu.com/cache/global/img/gs.gif HTTP/1.1" 404 160 "-" "Mozilla"
::ffff:83.97.20.25 - - [10/Sep/2020:21:08:07 +0000] "GET / HTTP/1.0" 404 160 "-" "-"
::ffff:104.152.52.5 - - [10/Sep/2020:23:17:09 +0000] "GET / HTTP/1.0" 404 160 "-" "-"
::ffff:104.152.52.5 - - [10/Sep/2020:23:17:09 +0000] "GET /nice%20ports%2C/Tri%6Eity.txt%2ebak HTTP/1.0" 404 160 "-" "-"
::ffff:104.152.52.5 - - [10/Sep/2020:23:17:11 +0000] "OPTIONS / HTTP/1.0" 404 160 "-" "-"
::ffff:196.52.43.109 - - [11/Sep/2020:00:01:10 +0000] "GET / HTTP/1.1" 404 160 "-" "Mozilla/5.0 (X11; Linux x86_64) AppleWebKit/537.36 (KHTML, like Gecko) Chrome/72.0.3602.2 Safari/537.36"
::ffff:104.152.52.6 - - [11/Sep/2020:02:13:22 +0000] "GET / HTTP/1.0" 404 160 "-" "-"
::ffff:104.152.52.6 - - [11/Sep/2020:02:13:22 +0000] "GET /nice%20ports%2C/Tri%6Eity.txt%2ebak HTTP/1.0" 404 160 "-" "-"
::ffff:104.152.52.6 - - [11/Sep/2020:02:13:24 +0000] "OPTIONS / HTTP/1.0" 404 160 "-" "-"
::ffff:128.14.133.58 - - [11/Sep/2020:03:26:20 +0000] "GET / HTTP/1.1" 404 160 "-" "Mozilla/5.0 (Windows NT 10.0; Win64; x64) AppleWebKit/537.36 (KHTML, like Gecko) Chrome/60.0.3112.113 Safari/537.36"
::ffff:104.152.52.7 - - [11/Sep/2020:03:33:09 +0000] "GET / HTTP/1.0" 404 160 "-" "-"
::ffff:104.152.52.7 - - [11/Sep/2020:03:33:10 +0000] "GET /nice%20ports%2C/Tri%6Eity.txt%2ebak HTTP/1.0" 404 160 "-" "-"
::ffff:34.213.246.243 - - [11/Sep/2020:05:20:15 +0000] "GET /cityjson?ie=utf-8 HTTP/1.1" 404 160 "-" "-"
::ffff:80.82.70.187 - - [11/Sep/2020:06:16:20 +0000] "GET http://www.baidu.com/cache/global/img/gs.gif HTTP/1.1" 404 160 "-" "Mozilla"
::ffff:83.97.20.25 - - [11/Sep/2020:07:47:14 +0000] "GET / HTTP/1.0" 404 160 "-" "-"
::ffff:127.0.0.1 - - [11/Sep/2020:11:46:36 +0000] "POST /api/jsonws/invoke HTTP/1.0" 404 160 "-" "Mozilla/5.0 (Windows NT 10.0; Win64; x64) AppleWebKit/537.36 (KHTML, like Gecko) Chrome/78.0.3904.108 Safari/537.36"
::ffff:83.97.20.25 - - [11/Sep/2020:12:48:06 +0000] "GET / HTTP/1.0" 404 160 "-" "-"
::ffff:83.97.20.25 - - [11/Sep/2020:12:51:20 +0000] "GET / HTTP/1.0" 404 160 "-" "-"
::ffff:127.0.0.1 - - [11/Sep/2020:13:00:37 +0000] "POST /api/jsonws/invoke HTTP/1.0" 404 160 "-" "Mozilla/5.0 (Windows NT 10.0; Win64; x64) AppleWebKit/537.36 (KHTML, like Gecko) Chrome/78.0.3904.108 Safari/537.36"
::ffff:80.82.70.187 - - [11/Sep/2020:15:56:08 +0000] "GET http://www.baidu.com/cache/global/img/gs.gif HTTP/1.1" 404 160 "-" "Mozilla"
::ffff:83.97.20.25 - - [11/Sep/2020:18:30:11 +0000] "GET / HTTP/1.0" 404 160 "-" "-"
::ffff:45.76.144.219 - - [11/Sep/2020:20:23:25 +0000] "GET / HTTP/1.1" 404 160 "-" "python-requests/2.18.4"
::ffff:45.76.144.219 - - [11/Sep/2020:20:23:25 +0000] "GET / HTTP/1.1" 404 160 "-" "python-requests/2.18.4"
::ffff:101.251.242.238 - - [11/Sep/2020:21:43:03 +0000] "GET / HTTP/1.1" 404 160 "-" "Mozilla/5.0 (Windows NT 10.0; Win64; x64; rv:79.0) Gecko/20100101 Firefox/79.0"
::ffff:204.93.180.12 - - [11/Sep/2020:23:01:06 +0000] "GET / HTTP/1.0" 404 160 "-" "-"
::ffff:204.93.180.12 - - [11/Sep/2020:23:01:07 +0000] "GET /nice%20ports%2C/Tri%6Eity.txt%2ebak HTTP/1.0" 404 160 "-" "-"
::ffff:204.93.180.12 - - [11/Sep/2020:23:01:08 +0000] "OPTIONS / HTTP/1.0" 404 160 "-" "-"
::ffff:204.93.180.12 - - [12/Sep/2020:00:09:25 +0000] "GET / HTTP/1.0" 404 160 "-" "-"
::ffff:204.93.180.12 - - [12/Sep/2020:00:09:26 +0000] "GET /nice%20ports%2C/Tri%6Eity.txt%2ebak HTTP/1.0" 404 160 "-" "-"
::ffff:204.93.180.12 - - [12/Sep/2020:00:09:27 +0000] "OPTIONS / HTTP/1.0" 404 160 "-" "-"
::ffff:104.152.52.8 - - [12/Sep/2020:00:42:43 +0000] "GET / HTTP/1.0" 404 160 "-" "-"
::ffff:104.152.52.8 - - [12/Sep/2020:00:42:45 +0000] "GET /nice%20ports%2C/Tri%6Eity.txt%2ebak HTTP/1.0" 404 160 "-" "-"
::ffff:104.152.52.8 - - [12/Sep/2020:00:42:47 +0000] "OPTIONS / HTTP/1.0" 404 160 "-" "-"
::ffff:104.152.52.75 - - [12/Sep/2020:01:25:03 +0000] "GET / HTTP/1.0" 404 160 "-" "-"
::ffff:104.152.52.75 - - [12/Sep/2020:01:25:04 +0000] "GET /nice%20ports%2C/Tri%6Eity.txt%2ebak HTTP/1.0" 404 160 "-" "-"
::ffff:104.152.52.75 - - [12/Sep/2020:01:25:05 +0000] "OPTIONS / HTTP/1.0" 404 160 "-" "-"
::ffff:80.82.70.187 - - [12/Sep/2020:01:36:06 +0000] "GET http://www.baidu.com/cache/global/img/gs.gif HTTP/1.1" 404 160 "-" "Mozilla"
::ffff:104.152.52.7 - - [12/Sep/2020:03:22:15 +0000] "GET / HTTP/1.0" 404 160 "-" "-"
::ffff:104.152.52.7 - - [12/Sep/2020:03:22:16 +0000] "GET /nice%20ports%2C/Tri%6Eity.txt%2ebak HTTP/1.0" 404 160 "-" "-"
::ffff:104.152.52.7 - - [12/Sep/2020:03:22:21 +0000] "OPTIONS / HTTP/1.0" 404 160 "-" "-"
::ffff:104.152.52.7 - - [12/Sep/2020:04:58:03 +0000] "GET / HTTP/1.0" 404 160 "-" "-"
::ffff:104.152.52.7 - - [12/Sep/2020:04:58:05 +0000] "GET /nice%20ports%2C/Tri%6Eity.txt%2ebak HTTP/1.0" 404 160 "-" "-"
::ffff:104.152.52.7 - - [12/Sep/2020:04:58:07 +0000] "OPTIONS / HTTP/1.0" 404 160 "-" "-"
::ffff:83.97.20.25 - - [12/Sep/2020:05:17:00 +0000] "GET / HTTP/1.1" 404 160 "-" "-"
::ffff:104.152.52.7 - - [12/Sep/2020:06:02:54 +0000] "GET / HTTP/1.0" 404 160 "-" "-"
::ffff:104.152.52.7 - - [12/Sep/2020:06:02:55 +0000] "GET /nice%20ports%2C/Tri%6Eity.txt%2ebak HTTP/1.0" 404 160 "-" "-"
::ffff:104.152.52.7 - - [12/Sep/2020:06:02:59 +0000] "OPTIONS / HTTP/1.0" 404 160 "-" "-"
::ffff:104.152.52.5 - - [12/Sep/2020:07:22:17 +0000] "GET / HTTP/1.0" 404 160 "-" "-"
::ffff:104.152.52.5 - - [12/Sep/2020:07:22:18 +0000] "GET /nice%20ports%2C/Tri%6Eity.txt%2ebak HTTP/1.0" 404 160 "-" "-"
::ffff:104.152.52.5 - - [12/Sep/2020:07:22:19 +0000] "OPTIONS / HTTP/1.0" 404 160 "-" "-"
::ffff:185.39.11.105 - - [12/Sep/2020:07:35:41 +0000] "GET http://example.com/ HTTP/1.1" 404 160 "-" "Go-http-client/1.1"
::ffff:80.82.70.187 - - [12/Sep/2020:11:15:00 +0000] "GET http://www.baidu.com/cache/global/img/gs.gif HTTP/1.1" 404 160 "-" "Mozilla"
::ffff:106.75.212.55 - - [12/Sep/2020:11:15:36 +0000] "GET http://www.qq.com/404/search_children.js HTTP/1.1" 404 160 "-" "Mozilla/5.0 (X11; Linux x86_64) AppleWebKit/537.36 (KHTML, like Gecko) Chrome/35.0.1916.114 Safari/537.36"
::ffff:104.152.52.11 - - [12/Sep/2020:13:21:10 +0000] "GET / HTTP/1.0" 404 160 "-" "-"
::ffff:104.152.52.11 - - [12/Sep/2020:13:21:14 +0000] "GET /nice%20ports%2C/Tri%6Eity.txt%2ebak HTTP/1.0" 404 160 "-" "-"
::ffff:104.152.52.11 - - [12/Sep/2020:13:21:16 +0000] "OPTIONS / HTTP/1.0" 404 160 "-" "-"
::ffff:127.0.0.1 - - [12/Sep/2020:13:48:28 +0000] "POST /api/user/login HTTP/1.0" 200 32 "http://106.52.197.80/login.html" "Mozilla/5.0 (Windows NT 10.0; Win64; x64) AppleWebKit/537.36 (KHTML, like Gecko) Chrome/85.0.4183.102 Safari/537.36"
::ffff:127.0.0.1 - - [12/Sep/2020:13:48:28 +0000] "GET /api/blog/list?isadmin=1 HTTP/1.0" 304 - "http://106.52.197.80/admin.html" "Mozilla/5.0 (Windows NT 10.0; Win64; x64) AppleWebKit/537.36 (KHTML, like Gecko) Chrome/85.0.4183.102 Safari/537.36"
::ffff:127.0.0.1 - - [12/Sep/2020:13:48:30 +0000] "GET /api/blog/detail?id=34 HTTP/1.0" 200 122 "http://106.52.197.80/edit.html?id=34" "Mozilla/5.0 (Windows NT 10.0; Win64; x64) AppleWebKit/537.36 (KHTML, like Gecko) Chrome/85.0.4183.102 Safari/537.36"
::ffff:127.0.0.1 - - [12/Sep/2020:13:48:32 +0000] "POST /api/blog/update?id=34 HTTP/1.0" 200 38 "http://106.52.197.80/edit.html?id=34" "Mozilla/5.0 (Windows NT 10.0; Win64; x64) AppleWebKit/537.36 (KHTML, like Gecko) Chrome/85.0.4183.102 Safari/537.36"
::ffff:127.0.0.1 - - [12/Sep/2020:13:48:33 +0000] "GET /api/blog/list?isadmin=1 HTTP/1.0" 304 - "http://106.52.197.80/admin.html" "Mozilla/5.0 (Windows NT 10.0; Win64; x64) AppleWebKit/537.36 (KHTML, like Gecko) Chrome/85.0.4183.102 Safari/537.36"
::ffff:104.152.52.11 - - [12/Sep/2020:14:21:36 +0000] "GET / HTTP/1.0" 404 160 "-" "-"
::ffff:104.152.52.11 - - [12/Sep/2020:14:21:38 +0000] "GET /nice%20ports%2C/Tri%6Eity.txt%2ebak HTTP/1.0" 404 160 "-" "-"
::ffff:104.152.52.11 - - [12/Sep/2020:14:21:41 +0000] "OPTIONS / HTTP/1.0" 404 160 "-" "-"
::ffff:104.152.52.11 - - [12/Sep/2020:14:57:09 +0000] "GET / HTTP/1.0" 404 160 "-" "-"
::ffff:104.152.52.11 - - [12/Sep/2020:14:57:11 +0000] "GET /nice%20ports%2C/Tri%6Eity.txt%2ebak HTTP/1.0" 404 160 "-" "-"
::ffff:104.152.52.11 - - [12/Sep/2020:14:57:18 +0000] "OPTIONS / HTTP/1.0" 404 160 "-" "-"
::ffff:172.104.92.166 - - [12/Sep/2020:15:01:18 +0000] "GET / HTTP/1.1" 404 160 "-" "HTTP Banner Detection (https://security.ipip.net)"
::ffff:83.97.20.25 - - [12/Sep/2020:16:07:01 +0000] "GET / HTTP/1.0" 404 160 "-" "-"
::ffff:104.152.52.11 - - [12/Sep/2020:16:09:57 +0000] "GET / HTTP/1.0" 404 160 "-" "-"
::ffff:104.152.52.11 - - [12/Sep/2020:16:10:02 +0000] "GET /nice%20ports%2C/Tri%6Eity.txt%2ebak HTTP/1.0" 404 160 "-" "-"
::ffff:104.152.52.11 - - [12/Sep/2020:16:10:04 +0000] "OPTIONS / HTTP/1.0" 404 160 "-" "-"
::ffff:139.162.79.87 - - [12/Sep/2020:16:11:40 +0000] "GET / HTTP/1.1" 404 160 "-" "Mozilla/5.0"
::ffff:71.6.199.23 - - [12/Sep/2020:17:58:05 +0000] "GET / HTTP/1.1" 404 160 "-" "Mozilla/5.0 (Windows NT 6.1) AppleWebKit/537.36 (KHTML, like Gecko) Chrome/41.0.2228.0 Safari/537.36"
::ffff:71.6.199.23 - - [12/Sep/2020:17:58:07 +0000] "GET /favicon.ico HTTP/1.1" 404 160 "-" "python-requests/2.23.0"
::ffff:80.82.70.187 - - [12/Sep/2020:20:52:43 +0000] "GET http://www.baidu.com/cache/global/img/gs.gif HTTP/1.1" 404 160 "-" "Mozilla"
::ffff:83.97.20.25 - - [13/Sep/2020:03:05:39 +0000] "GET / HTTP/1.0" 404 160 "-" "-"
::ffff:127.0.0.1 - - [13/Sep/2020:04:55:07 +0000] "POST /api/jsonws/invoke HTTP/1.0" 404 160 "-" "Mozilla/5.0 (Windows NT 10.0; Win64; x64) AppleWebKit/537.36 (KHTML, like Gecko) Chrome/78.0.3904.108 Safari/537.36"
::ffff:80.82.70.187 - - [13/Sep/2020:06:31:18 +0000] "GET http://www.baidu.com/cache/global/img/gs.gif HTTP/1.1" 404 160 "-" "Mozilla"
::ffff:83.97.20.25 - - [13/Sep/2020:13:47:40 +0000] "GET / HTTP/1.0" 404 160 "-" "-"
::ffff:59.52.213.112 - - [13/Sep/2020:14:08:40 +0000] "GET http://www.minghui.org/ HTTP/1.1" 404 160 "-" "python-requests/2.6.0 CPython/2.7.5 Linux/3.10.0-693.11.1.el7.x86_64"
::ffff:59.52.213.112 - - [13/Sep/2020:14:08:40 +0000] "GET http://wujieliulan.com/ HTTP/1.1" 404 160 "-" "python-requests/2.6.0 CPython/2.7.5 Linux/3.10.0-693.11.1.el7.x86_64"
::ffff:59.52.213.112 - - [13/Sep/2020:14:08:40 +0000] "GET http://www.boxun.com/ HTTP/1.1" 404 160 "-" "python-requests/2.6.0 CPython/2.7.5 Linux/3.10.0-693.11.1.el7.x86_64"
::ffff:59.52.213.112 - - [13/Sep/2020:14:08:40 +0000] "GET http://www.epochtimes.com/ HTTP/1.1" 404 160 "-" "python-requests/2.6.0 CPython/2.7.5 Linux/3.10.0-693.11.1.el7.x86_64"
::ffff:59.52.213.112 - - [13/Sep/2020:14:08:40 +0000] "GET http://www.bing.com/ HTTP/1.1" 404 160 "-" "python-requests/2.6.0 CPython/2.7.5 Linux/3.10.0-693.11.1.el7.x86_64"
::ffff:59.52.213.112 - - [13/Sep/2020:14:08:40 +0000] "GET http://www.123cha.com/ HTTP/1.1" 404 160 "-" "python-requests/2.6.0 CPython/2.7.5 Linux/3.10.0-693.11.1.el7.x86_64"
::ffff:59.52.213.112 - - [13/Sep/2020:14:08:40 +0000] "GET http://www.baidu.com/ HTTP/1.1" 404 160 "-" "python-requests/2.6.0 CPython/2.7.5 Linux/3.10.0-693.11.1.el7.x86_64"
::ffff:59.52.213.112 - - [13/Sep/2020:14:08:46 +0000] "GET http://www.rfa.org/ HTTP/1.1" 404 160 "-" "python-requests/2.6.0 CPython/2.7.5 Linux/3.10.0-693.11.1.el7.x86_64"
::ffff:182.254.52.17 - - [13/Sep/2020:14:26:33 +0000] "GET http://106.52.197.80:8000/ HTTP/1.1" 404 160 "-" "Mozilla/5.0 (Windows NT 6.1; WOW64; rv:57.0) Gecko/20100101 Firefox/57.0"
::ffff:127.0.0.1 - - [13/Sep/2020:14:48:30 +0000] "GET /api/blog/list HTTP/1.0" 200 3557 "http://106.52.197.80/" "Mozilla/5.0 (Windows NT 10.0; Win64; x64) AppleWebKit/537.36 (KHTML, like Gecko) Chrome/85.0.4183.102 Safari/537.36"
::ffff:127.0.0.1 - - [13/Sep/2020:14:48:42 +0000] "GET /api/blog/list HTTP/1.0" 304 - "http://106.52.197.80/" "Mozilla/5.0 (Windows NT 10.0; Win64; x64) AppleWebKit/537.36 (KHTML, like Gecko) Chrome/85.0.4183.102 Safari/537.36"
::ffff:127.0.0.1 - - [13/Sep/2020:14:50:59 +0000] "GET /api/blog/detail?id=34 HTTP/1.0" 304 - "http://106.52.197.80/detail.html?id=34" "Mozilla/5.0 (Windows NT 10.0; Win64; x64) AppleWebKit/537.36 (KHTML, like Gecko) Chrome/85.0.4183.102 Safari/537.36"
::ffff:127.0.0.1 - - [13/Sep/2020:14:51:02 +0000] "GET /api/blog/detail?id=33 HTTP/1.0" 200 361 "http://106.52.197.80/detail.html?id=33" "Mozilla/5.0 (Windows NT 10.0; Win64; x64) AppleWebKit/537.36 (KHTML, like Gecko) Chrome/85.0.4183.102 Safari/537.36"
::ffff:80.82.70.187 - - [13/Sep/2020:16:08:14 +0000] "GET http://www.baidu.com/cache/global/img/gs.gif HTTP/1.1" 404 160 "-" "Mozilla"
::ffff:107.6.183.162 - - [13/Sep/2020:17:09:37 +0000] "GET / HTTP/1.1" 404 160 "-" "Mozilla/5.0 (Windows NT 10.0; WOW64) AppleWebKit/537.36 (KHTML, like Gecko) Chrome/66.0.3359.117 Safari/537.36"
::ffff:127.0.0.1 - - [13/Sep/2020:17:50:42 +0000] "GET /api/statistics/service-usage-amount HTTP/1.0" 404 160 "-" "Mozilla/4.0 (compatible; MSIE 7.0; Windows NT 6.1; WOW64; Trident/5.0; SLCC2; .NET CLR 2.0.50727; .NET CLR 3.5.30729; .NET CLR 3.0.30729; Media Center PC 6.0; .NET4.0C; .NET4.0E; InfoPath.3; KB974488)"
::ffff:83.97.20.25 - - [14/Sep/2020:00:54:40 +0000] "GET / HTTP/1.0" 404 160 "-" "-"
::ffff:185.39.11.105 - - [14/Sep/2020:01:35:23 +0000] "GET http://example.com/ HTTP/1.1" 404 160 "-" "Go-http-client/1.1"
::ffff:80.82.70.187 - - [14/Sep/2020:01:47:56 +0000] "GET http://www.baidu.com/cache/global/img/gs.gif HTTP/1.1" 404 160 "-" "Mozilla"
::ffff:80.82.70.187 - - [14/Sep/2020:11:25:19 +0000] "GET http://www.baidu.com/cache/global/img/gs.gif HTTP/1.1" 404 160 "-" "Mozilla"
::ffff:83.97.20.25 - - [14/Sep/2020:11:27:38 +0000] "GET / HTTP/1.0" 404 160 "-" "-"
::ffff:139.162.79.87 - - [14/Sep/2020:12:51:54 +0000] "GET / HTTP/1.1" 404 160 "-" "Mozilla/5.0"
::ffff:185.39.11.105 - - [14/Sep/2020:20:57:53 +0000] "GET http://example.com/ HTTP/1.1" 404 160 "-" "Go-http-client/1.1"
::ffff:80.82.70.187 - - [14/Sep/2020:21:01:05 +0000] "GET http://www.baidu.com/cache/global/img/gs.gif HTTP/1.1" 404 160 "-" "Mozilla"
::ffff:83.97.20.25 - - [14/Sep/2020:22:07:19 +0000] "GET / HTTP/1.0" 404 160 "-" "-"
::ffff:204.93.154.208 - - [15/Sep/2020:00:43:03 +0000] "GET / HTTP/1.0" 404 160 "-" "-"
::ffff:204.93.154.208 - - [15/Sep/2020:00:43:04 +0000] "GET /nice%20ports%2C/Tri%6Eity.txt%2ebak HTTP/1.0" 404 160 "-" "-"
::ffff:204.93.154.208 - - [15/Sep/2020:00:43:05 +0000] "OPTIONS / HTTP/1.0" 404 160 "-" "-"
::ffff:104.152.52.74 - - [15/Sep/2020:01:27:33 +0000] "GET / HTTP/1.0" 404 160 "-" "-"
::ffff:104.152.52.74 - - [15/Sep/2020:01:27:35 +0000] "GET /nice%20ports%2C/Tri%6Eity.txt%2ebak HTTP/1.0" 404 160 "-" "-"
::ffff:104.152.52.74 - - [15/Sep/2020:01:27:36 +0000] "OPTIONS / HTTP/1.0" 404 160 "-" "-"
::ffff:127.0.0.1 - - [15/Sep/2020:05:25:55 +0000] "POST /api/jsonws/invoke HTTP/1.0" 404 160 "-" "Mozilla/5.0 (Windows NT 10.0; Win64; x64) AppleWebKit/537.36 (KHTML, like Gecko) Chrome/78.0.3904.108 Safari/537.36"
::ffff:45.76.144.219 - - [15/Sep/2020:05:46:03 +0000] "GET / HTTP/1.1" 404 160 "-" "python-requests/2.18.4"
::ffff:80.82.70.187 - - [15/Sep/2020:06:40:45 +0000] "GET http://www.baidu.com/cache/global/img/gs.gif HTTP/1.1" 404 160 "-" "Mozilla"
::ffff:83.97.20.25 - - [15/Sep/2020:08:42:33 +0000] "GET / HTTP/1.0" 404 160 "-" "-"
::ffff:80.82.70.187 - - [15/Sep/2020:16:20:23 +0000] "GET http://www.baidu.com/cache/global/img/gs.gif HTTP/1.1" 404 160 "-" "Mozilla"
::ffff:127.0.0.1 - - [15/Sep/2020:18:40:44 +0000] "GET /api/blog/list HTTP/1.0" 200 3557 "http://106.52.197.80/" "Mozilla/5.0 (Windows NT 10.0; Win64; x64; rv:57.0) Gecko/20100101 Firefox/57.0"
::ffff:83.97.20.25 - - [15/Sep/2020:20:26:25 +0000] "GET / HTTP/1.0" 404 160 "-" "-"
::ffff:196.52.43.121 - - [15/Sep/2020:21:28:05 +0000] "GET / HTTP/1.1" 404 160 "-" "Mozilla/5.0 (X11; Linux x86_64) AppleWebKit/537.36 (KHTML, like Gecko) Chrome/72.0.3602.2 Safari/537.36"
::ffff:127.0.0.1 - - [15/Sep/2020:22:46:30 +0000] "POST /api/jsonws/invoke HTTP/1.0" 404 160 "-" "Mozilla/5.0 (Windows NT 10.0; Win64; x64) AppleWebKit/537.36 (KHTML, like Gecko) Chrome/78.0.3904.108 Safari/537.36"
::ffff:185.39.11.175 - - [15/Sep/2020:23:57:25 +0000] "GET / HTTP/1.1" 404 160 "-" "Mozilla/5.0 zgrab/0.x"
::ffff:80.82.70.187 - - [16/Sep/2020:02:02:19 +0000] "GET http://www.baidu.com/cache/global/img/gs.gif HTTP/1.1" 404 160 "-" "Mozilla"
::ffff:180.149.125.164 - - [16/Sep/2020:04:50:54 +0000] "GET / HTTP/1.1" 404 160 "-" "Mozilla/5.0 (Windows NT 5.1; Win64; x64) AppleWebKit/537.36 (KHTML, like Gecko) Chrome/60.0.3112.90 Safari/537.36"
::ffff:123.115.113.129 - - [16/Sep/2020:06:02:04 +0000] "GET / HTTP/1.1" 404 160 "-" "Mozilla/5.0 (Windows NT 5.1; rv:9.0.1) Gecko/20100101 Firefox/9.0.1"
::ffff:123.115.113.129 - - [16/Sep/2020:06:02:04 +0000] "GET http://www.msftncsi.com/ncsi.txt HTTP/1.1" 404 160 "http://106.52.197.80:8000/" "Mozilla/5.0 (Windows NT 5.1; rv:9.0.1) Gecko/20100101 Firefox/9.0.1"
::ffff:123.115.113.129 - - [16/Sep/2020:06:02:04 +0000] "GET /HNAP1/ HTTP/1.1" 404 160 "http://106.52.197.80:8000/" "Mozilla/5.0 (Windows NT 5.1; rv:9.0.1) Gecko/20100101 Firefox/9.0.1"
::ffff:123.115.113.129 - - [16/Sep/2020:06:02:04 +0000] "GET /hudson/script HTTP/1.1" 404 160 "http://106.52.197.80:8000/" "Mozilla/5.0 (Windows NT 5.1; rv:9.0.1) Gecko/20100101 Firefox/9.0.1"
::ffff:123.115.113.129 - - [16/Sep/2020:06:02:05 +0000] "GET /script HTTP/1.1" 404 160 "http://106.52.197.80:8000/" "Mozilla/5.0 (Windows NT 5.1; rv:9.0.1) Gecko/20100101 Firefox/9.0.1"
::ffff:123.115.113.129 - - [16/Sep/2020:06:02:05 +0000] "GET /sqlite/main.php HTTP/1.1" 404 160 "http://106.52.197.80:8000/" "Mozilla/5.0 (Windows NT 5.1; rv:9.0.1) Gecko/20100101 Firefox/9.0.1"
::ffff:123.115.113.129 - - [16/Sep/2020:06:02:05 +0000] "GET /sqlitemanager/main.php HTTP/1.1" 404 160 "http://106.52.197.80:8000/" "Mozilla/5.0 (Windows NT 5.1; rv:9.0.1) Gecko/20100101 Firefox/9.0.1"
::ffff:123.115.113.129 - - [16/Sep/2020:06:02:05 +0000] "GET /SQLiteManager/main.php HTTP/1.1" 404 160 "http://106.52.197.80:8000/" "Mozilla/5.0 (Windows NT 5.1; rv:9.0.1) Gecko/20100101 Firefox/9.0.1"
::ffff:123.115.113.129 - - [16/Sep/2020:06:02:05 +0000] "GET /SQLite/main.php HTTP/1.1" 404 160 "http://106.52.197.80:8000/" "Mozilla/5.0 (Windows NT 5.1; rv:9.0.1) Gecko/20100101 Firefox/9.0.1"
::ffff:123.115.113.129 - - [16/Sep/2020:06:02:05 +0000] "GET /SQlite/main.php HTTP/1.1" 404 160 "http://106.52.197.80:8000/" "Mozilla/5.0 (Windows NT 5.1; rv:9.0.1) Gecko/20100101 Firefox/9.0.1"
::ffff:123.115.113.129 - - [16/Sep/2020:06:02:06 +0000] "GET /main.php HTTP/1.1" 404 160 "http://106.52.197.80:8000/" "Mozilla/5.0 (Windows NT 5.1; rv:9.0.1) Gecko/20100101 Firefox/9.0.1"
::ffff:123.115.113.129 - - [16/Sep/2020:06:02:06 +0000] "GET /test/sqlite/SQLiteManager-1.2.0/SQLiteManager-1.2.0/main.php HTTP/1.1" 404 160 "http://106.52.197.80:8000/" "Mozilla/5.0 (Windows NT 5.1; rv:9.0.1) Gecko/20100101 Firefox/9.0.1"
::ffff:123.115.113.129 - - [16/Sep/2020:06:02:06 +0000] "GET /SQLiteManager-1.2.4/main.php HTTP/1.1" 404 160 "http://106.52.197.80:8000/" "Mozilla/5.0 (Windows NT 5.1; rv:9.0.1) Gecko/20100101 Firefox/9.0.1"
::ffff:123.115.113.129 - - [16/Sep/2020:06:02:06 +0000] "GET /agSearch/SQlite/main.php HTTP/1.1" 404 160 "http://106.52.197.80:8000/" "Mozilla/5.0 (Windows NT 5.1; rv:9.0.1) Gecko/20100101 Firefox/9.0.1"
::ffff:123.115.113.129 - - [16/Sep/2020:06:02:06 +0000] "GET /phpmyadmin/ HTTP/1.1" 404 160 "http://106.52.197.80:8000/" "Mozilla/5.0 (Windows NT 5.1; rv:9.0.1) Gecko/20100101 Firefox/9.0.1"
::ffff:123.115.113.129 - - [16/Sep/2020:06:02:07 +0000] "GET /phpMyAdmin/ HTTP/1.1" 404 160 "http://106.52.197.80:8000/" "Mozilla/5.0 (Windows NT 5.1; rv:9.0.1) Gecko/20100101 Firefox/9.0.1"
::ffff:123.115.113.129 - - [16/Sep/2020:06:02:07 +0000] "GET /PMA/ HTTP/1.1" 404 160 "http://106.52.197.80:8000/" "Mozilla/5.0 (Windows NT 5.1; rv:9.0.1) Gecko/20100101 Firefox/9.0.1"
::ffff:123.115.113.129 - - [16/Sep/2020:06:02:07 +0000] "GET /pma/ HTTP/1.1" 404 160 "http://106.52.197.80:8000/" "Mozilla/5.0 (Windows NT 5.1; rv:9.0.1) Gecko/20100101 Firefox/9.0.1"
::ffff:123.115.113.129 - - [16/Sep/2020:06:02:07 +0000] "GET /admin/ HTTP/1.1" 404 160 "http://106.52.197.80:8000/" "Mozilla/5.0 (Windows NT 5.1; rv:9.0.1) Gecko/20100101 Firefox/9.0.1"
::ffff:123.115.113.129 - - [16/Sep/2020:06:02:07 +0000] "GET /dbadmin/ HTTP/1.1" 404 160 "http://106.52.197.80:8000/" "Mozilla/5.0 (Windows NT 5.1; rv:9.0.1) Gecko/20100101 Firefox/9.0.1"
::ffff:123.115.113.129 - - [16/Sep/2020:06:02:07 +0000] "GET /mysql/ HTTP/1.1" 404 160 "http://106.52.197.80:8000/" "Mozilla/5.0 (Windows NT 5.1; rv:9.0.1) Gecko/20100101 Firefox/9.0.1"
::ffff:123.115.113.129 - - [16/Sep/2020:06:02:08 +0000] "GET /myadmin/ HTTP/1.1" 404 160 "http://106.52.197.80:8000/" "Mozilla/5.0 (Windows NT 5.1; rv:9.0.1) Gecko/20100101 Firefox/9.0.1"
::ffff:123.115.113.129 - - [16/Sep/2020:06:02:08 +0000] "GET /openserver/phpmyadmin/ HTTP/1.1" 404 160 "http://106.52.197.80:8000/" "Mozilla/5.0 (Windows NT 5.1; rv:9.0.1) Gecko/20100101 Firefox/9.0.1"
::ffff:123.115.113.129 - - [16/Sep/2020:06:02:08 +0000] "GET /phpmyadmin2/ HTTP/1.1" 404 160 "http://106.52.197.80:8000/" "Mozilla/5.0 (Windows NT 5.1; rv:9.0.1) Gecko/20100101 Firefox/9.0.1"
::ffff:123.115.113.129 - - [16/Sep/2020:06:02:08 +0000] "GET /phpMyAdmin2/ HTTP/1.1" 404 160 "http://106.52.197.80:8000/" "Mozilla/5.0 (Windows NT 5.1; rv:9.0.1) Gecko/20100101 Firefox/9.0.1"
::ffff:123.115.113.129 - - [16/Sep/2020:06:02:08 +0000] "GET /phpMyAdmin-2/ HTTP/1.1" 404 160 "http://106.52.197.80:8000/" "Mozilla/5.0 (Windows NT 5.1; rv:9.0.1) Gecko/20100101 Firefox/9.0.1"
::ffff:123.115.113.129 - - [16/Sep/2020:06:02:11 +0000] "GET /php-my-admin/ HTTP/1.1" 404 160 "http://106.52.197.80:8000/" "Mozilla/5.0 (Windows NT 5.1; rv:9.0.1) Gecko/20100101 Firefox/9.0.1"
::ffff:123.115.113.129 - - [16/Sep/2020:06:02:12 +0000] "GET /phpMyAdmin-2.2.3/ HTTP/1.1" 404 160 "http://106.52.197.80:8000/" "Mozilla/5.0 (Windows NT 5.1; rv:9.0.1) Gecko/20100101 Firefox/9.0.1"
::ffff:123.115.113.129 - - [16/Sep/2020:06:02:12 +0000] "GET /phpMyAdmin-2.2.6/ HTTP/1.1" 404 160 "http://106.52.197.80:8000/" "Mozilla/5.0 (Windows NT 5.1; rv:9.0.1) Gecko/20100101 Firefox/9.0.1"
::ffff:123.115.113.129 - - [16/Sep/2020:06:02:12 +0000] "GET /phpMyAdmin-2.5.1/ HTTP/1.1" 404 160 "http://106.52.197.80:8000/" "Mozilla/5.0 (Windows NT 5.1; rv:9.0.1) Gecko/20100101 Firefox/9.0.1"
::ffff:123.115.113.129 - - [16/Sep/2020:06:02:12 +0000] "GET /phpMyAdmin-2.5.4/ HTTP/1.1" 404 160 "http://106.52.197.80:8000/" "Mozilla/5.0 (Windows NT 5.1; rv:9.0.1) Gecko/20100101 Firefox/9.0.1"
::ffff:123.115.113.129 - - [16/Sep/2020:06:02:12 +0000] "GET /phpMyAdmin-2.5.5-rc1/ HTTP/1.1" 404 160 "http://106.52.197.80:8000/" "Mozilla/5.0 (Windows NT 5.1; rv:9.0.1) Gecko/20100101 Firefox/9.0.1"
::ffff:123.115.113.129 - - [16/Sep/2020:06:02:12 +0000] "GET /phpMyAdmin-2.5.5-rc2/ HTTP/1.1" 404 160 "http://106.52.197.80:8000/" "Mozilla/5.0 (Windows NT 5.1; rv:9.0.1) Gecko/20100101 Firefox/9.0.1"
::ffff:123.115.113.129 - - [16/Sep/2020:06:02:13 +0000] "GET /phpMyAdmin-2.5.5/ HTTP/1.1" 404 160 "http://106.52.197.80:8000/" "Mozilla/5.0 (Windows NT 5.1; rv:9.0.1) Gecko/20100101 Firefox/9.0.1"
::ffff:123.115.113.129 - - [16/Sep/2020:06:02:13 +0000] "GET /phpMyAdmin-2.5.5-pl1/ HTTP/1.1" 404 160 "http://106.52.197.80:8000/" "Mozilla/5.0 (Windows NT 5.1; rv:9.0.1) Gecko/20100101 Firefox/9.0.1"
::ffff:123.115.113.129 - - [16/Sep/2020:06:02:13 +0000] "GET /phpMyAdmin-2.5.6-rc1/ HTTP/1.1" 404 160 "http://106.52.197.80:8000/" "Mozilla/5.0 (Windows NT 5.1; rv:9.0.1) Gecko/20100101 Firefox/9.0.1"
::ffff:123.115.113.129 - - [16/Sep/2020:06:02:13 +0000] "GET /phpMyAdmin-2.5.6-rc2/ HTTP/1.1" 404 160 "http://106.52.197.80:8000/" "Mozilla/5.0 (Windows NT 5.1; rv:9.0.1) Gecko/20100101 Firefox/9.0.1"
::ffff:123.115.113.129 - - [16/Sep/2020:06:02:13 +0000] "GET /phpMyAdmin-2.5.6/ HTTP/1.1" 404 160 "http://106.52.197.80:8000/" "Mozilla/5.0 (Windows NT 5.1; rv:9.0.1) Gecko/20100101 Firefox/9.0.1"
::ffff:123.115.113.129 - - [16/Sep/2020:06:02:13 +0000] "GET /phpMyAdmin-2.5.7/ HTTP/1.1" 404 160 "http://106.52.197.80:8000/" "Mozilla/5.0 (Windows NT 5.1; rv:9.0.1) Gecko/20100101 Firefox/9.0.1"
::ffff:123.115.113.129 - - [16/Sep/2020:06:02:14 +0000] "GET /phpMyAdmin-2.5.7-pl1/ HTTP/1.1" 404 160 "http://106.52.197.80:8000/" "Mozilla/5.0 (Windows NT 5.1; rv:9.0.1) Gecko/20100101 Firefox/9.0.1"
::ffff:123.115.113.129 - - [16/Sep/2020:06:02:14 +0000] "GET /phpMyAdmin-2.6.0-alpha/ HTTP/1.1" 404 160 "http://106.52.197.80:8000/" "Mozilla/5.0 (Windows NT 5.1; rv:9.0.1) Gecko/20100101 Firefox/9.0.1"
::ffff:123.115.113.129 - - [16/Sep/2020:06:02:14 +0000] "GET /phpMyAdmin-2.6.0-alpha2/ HTTP/1.1" 404 160 "http://106.52.197.80:8000/" "Mozilla/5.0 (Windows NT 5.1; rv:9.0.1) Gecko/20100101 Firefox/9.0.1"
::ffff:123.115.113.129 - - [16/Sep/2020:06:02:14 +0000] "GET /phpMyAdmin-2.6.0-beta1/ HTTP/1.1" 404 160 "http://106.52.197.80:8000/" "Mozilla/5.0 (Windows NT 5.1; rv:9.0.1) Gecko/20100101 Firefox/9.0.1"
::ffff:123.115.113.129 - - [16/Sep/2020:06:02:14 +0000] "GET /phpMyAdmin-2.6.0-beta2/ HTTP/1.1" 404 160 "http://106.52.197.80:8000/" "Mozilla/5.0 (Windows NT 5.1; rv:9.0.1) Gecko/20100101 Firefox/9.0.1"
::ffff:123.115.113.129 - - [16/Sep/2020:06:02:14 +0000] "GET /phpMyAdmin-2.6.0-rc1/ HTTP/1.1" 404 160 "http://106.52.197.80:8000/" "Mozilla/5.0 (Windows NT 5.1; rv:9.0.1) Gecko/20100101 Firefox/9.0.1"
::ffff:123.115.113.129 - - [16/Sep/2020:06:02:15 +0000] "GET /phpMyAdmin-2.6.0-rc2/ HTTP/1.1" 404 160 "http://106.52.197.80:8000/" "Mozilla/5.0 (Windows NT 5.1; rv:9.0.1) Gecko/20100101 Firefox/9.0.1"
::ffff:123.115.113.129 - - [16/Sep/2020:06:02:15 +0000] "GET /phpMyAdmin-2.6.0-rc3/ HTTP/1.1" 404 160 "http://106.52.197.80:8000/" "Mozilla/5.0 (Windows NT 5.1; rv:9.0.1) Gecko/20100101 Firefox/9.0.1"
::ffff:123.115.113.129 - - [16/Sep/2020:06:02:15 +0000] "GET /phpMyAdmin-2.6.0/ HTTP/1.1" 404 160 "http://106.52.197.80:8000/" "Mozilla/5.0 (Windows NT 5.1; rv:9.0.1) Gecko/20100101 Firefox/9.0.1"
::ffff:123.115.113.129 - - [16/Sep/2020:06:02:15 +0000] "GET /phpMyAdmin-2.6.0-pl1/ HTTP/1.1" 404 160 "http://106.52.197.80:8000/" "Mozilla/5.0 (Windows NT 5.1; rv:9.0.1) Gecko/20100101 Firefox/9.0.1"
::ffff:123.115.113.129 - - [16/Sep/2020:06:02:15 +0000] "GET /phpMyAdmin-2.6.0-pl2/ HTTP/1.1" 404 160 "http://106.52.197.80:8000/" "Mozilla/5.0 (Windows NT 5.1; rv:9.0.1) Gecko/20100101 Firefox/9.0.1"
::ffff:123.115.113.129 - - [16/Sep/2020:06:02:16 +0000] "GET /phpMyAdmin-2.6.0-pl3/ HTTP/1.1" 404 160 "http://106.52.197.80:8000/" "Mozilla/5.0 (Windows NT 5.1; rv:9.0.1) Gecko/20100101 Firefox/9.0.1"
::ffff:123.115.113.129 - - [16/Sep/2020:06:02:17 +0000] "GET /phpMyAdmin-2.6.1-rc1/ HTTP/1.1" 404 160 "http://106.52.197.80:8000/" "Mozilla/5.0 (Windows NT 5.1; rv:9.0.1) Gecko/20100101 Firefox/9.0.1"
::ffff:123.115.113.129 - - [16/Sep/2020:06:02:17 +0000] "GET /phpMyAdmin-2.6.1-rc2/ HTTP/1.1" 404 160 "http://106.52.197.80:8000/" "Mozilla/5.0 (Windows NT 5.1; rv:9.0.1) Gecko/20100101 Firefox/9.0.1"
::ffff:123.115.113.129 - - [16/Sep/2020:06:02:17 +0000] "GET /phpMyAdmin-2.6.1/ HTTP/1.1" 404 160 "http://106.52.197.80:8000/" "Mozilla/5.0 (Windows NT 5.1; rv:9.0.1) Gecko/20100101 Firefox/9.0.1"
::ffff:123.115.113.129 - - [16/Sep/2020:06:02:17 +0000] "GET /phpMyAdmin-2.6.1-pl1/ HTTP/1.1" 404 160 "http://106.52.197.80:8000/" "Mozilla/5.0 (Windows NT 5.1; rv:9.0.1) Gecko/20100101 Firefox/9.0.1"
::ffff:123.115.113.129 - - [16/Sep/2020:06:02:17 +0000] "GET /phpMyAdmin-2.6.1-pl2/ HTTP/1.1" 404 160 "http://106.52.197.80:8000/" "Mozilla/5.0 (Windows NT 5.1; rv:9.0.1) Gecko/20100101 Firefox/9.0.1"
::ffff:123.115.113.129 - - [16/Sep/2020:06:02:17 +0000] "GET /phpMyAdmin-2.6.1-pl3/ HTTP/1.1" 404 160 "http://106.52.197.80:8000/" "Mozilla/5.0 (Windows NT 5.1; rv:9.0.1) Gecko/20100101 Firefox/9.0.1"
::ffff:123.115.113.129 - - [16/Sep/2020:06:02:18 +0000] "GET /phpMyAdmin-2.6.2-rc1/ HTTP/1.1" 404 160 "http://106.52.197.80:8000/" "Mozilla/5.0 (Windows NT 5.1; rv:9.0.1) Gecko/20100101 Firefox/9.0.1"
::ffff:123.115.113.129 - - [16/Sep/2020:06:02:18 +0000] "GET /phpMyAdmin-2.6.2-beta1/ HTTP/1.1" 404 160 "http://106.52.197.80:8000/" "Mozilla/5.0 (Windows NT 5.1; rv:9.0.1) Gecko/20100101 Firefox/9.0.1"
::ffff:123.115.113.129 - - [16/Sep/2020:06:02:18 +0000] "GET /phpMyAdmin-2.6.2-rc1/ HTTP/1.1" 404 160 "http://106.52.197.80:8000/" "Mozilla/5.0 (Windows NT 5.1; rv:9.0.1) Gecko/20100101 Firefox/9.0.1"
::ffff:123.115.113.129 - - [16/Sep/2020:06:02:18 +0000] "GET /phpMyAdmin-2.6.2/ HTTP/1.1" 404 160 "http://106.52.197.80:8000/" "Mozilla/5.0 (Windows NT 5.1; rv:9.0.1) Gecko/20100101 Firefox/9.0.1"
::ffff:123.115.113.129 - - [16/Sep/2020:06:02:18 +0000] "GET /phpMyAdmin-2.6.2-pl1/ HTTP/1.1" 404 160 "http://106.52.197.80:8000/" "Mozilla/5.0 (Windows NT 5.1; rv:9.0.1) Gecko/20100101 Firefox/9.0.1"
::ffff:123.115.113.129 - - [16/Sep/2020:06:02:18 +0000] "GET /phpMyAdmin-2.6.3/ HTTP/1.1" 404 160 "http://106.52.197.80:8000/" "Mozilla/5.0 (Windows NT 5.1; rv:9.0.1) Gecko/20100101 Firefox/9.0.1"
::ffff:123.115.113.129 - - [16/Sep/2020:06:02:19 +0000] "GET /phpMyAdmin-2.6.3-rc1/ HTTP/1.1" 404 160 "http://106.52.197.80:8000/" "Mozilla/5.0 (Windows NT 5.1; rv:9.0.1) Gecko/20100101 Firefox/9.0.1"
::ffff:123.115.113.129 - - [16/Sep/2020:06:02:19 +0000] "GET /phpMyAdmin-2.6.3/ HTTP/1.1" 404 160 "http://106.52.197.80:8000/" "Mozilla/5.0 (Windows NT 5.1; rv:9.0.1) Gecko/20100101 Firefox/9.0.1"
::ffff:123.115.113.129 - - [16/Sep/2020:06:02:19 +0000] "GET /phpMyAdmin-2.6.3-pl1/ HTTP/1.1" 404 160 "http://106.52.197.80:8000/" "Mozilla/5.0 (Windows NT 5.1; rv:9.0.1) Gecko/20100101 Firefox/9.0.1"
::ffff:123.115.113.129 - - [16/Sep/2020:06:02:19 +0000] "GET /phpMyAdmin-2.6.4-rc1/ HTTP/1.1" 404 160 "http://106.52.197.80:8000/" "Mozilla/5.0 (Windows NT 5.1; rv:9.0.1) Gecko/20100101 Firefox/9.0.1"
::ffff:123.115.113.129 - - [16/Sep/2020:06:02:19 +0000] "GET /phpMyAdmin-2.6.4-pl1/ HTTP/1.1" 404 160 "http://106.52.197.80:8000/" "Mozilla/5.0 (Windows NT 5.1; rv:9.0.1) Gecko/20100101 Firefox/9.0.1"
::ffff:123.115.113.129 - - [16/Sep/2020:06:02:19 +0000] "GET /phpMyAdmin-2.6.4-pl2/ HTTP/1.1" 404 160 "http://106.52.197.80:8000/" "Mozilla/5.0 (Windows NT 5.1; rv:9.0.1) Gecko/20100101 Firefox/9.0.1"
::ffff:123.115.113.129 - - [16/Sep/2020:06:02:20 +0000] "GET /phpMyAdmin-2.6.4-pl3/ HTTP/1.1" 404 160 "http://106.52.197.80:8000/" "Mozilla/5.0 (Windows NT 5.1; rv:9.0.1) Gecko/20100101 Firefox/9.0.1"
::ffff:123.115.113.129 - - [16/Sep/2020:06:02:20 +0000] "GET /phpMyAdmin-2.6.4-pl4/ HTTP/1.1" 404 160 "http://106.52.197.80:8000/" "Mozilla/5.0 (Windows NT 5.1; rv:9.0.1) Gecko/20100101 Firefox/9.0.1"
::ffff:123.115.113.129 - - [16/Sep/2020:06:02:20 +0000] "GET /phpMyAdmin-2.6.4/ HTTP/1.1" 404 160 "http://106.52.197.80:8000/" "Mozilla/5.0 (Windows NT 5.1; rv:9.0.1) Gecko/20100101 Firefox/9.0.1"
::ffff:123.115.113.129 - - [16/Sep/2020:06:02:20 +0000] "GET /phpMyAdmin-2.7.0-beta1/ HTTP/1.1" 404 160 "http://106.52.197.80:8000/" "Mozilla/5.0 (Windows NT 5.1; rv:9.0.1) Gecko/20100101 Firefox/9.0.1"
::ffff:123.115.113.129 - - [16/Sep/2020:06:02:20 +0000] "GET /phpMyAdmin-2.7.0-rc1/ HTTP/1.1" 404 160 "http://106.52.197.80:8000/" "Mozilla/5.0 (Windows NT 5.1; rv:9.0.1) Gecko/20100101 Firefox/9.0.1"
::ffff:123.115.113.129 - - [16/Sep/2020:06:02:20 +0000] "GET /phpMyAdmin-2.7.0-pl1/ HTTP/1.1" 404 160 "http://106.52.197.80:8000/" "Mozilla/5.0 (Windows NT 5.1; rv:9.0.1) Gecko/20100101 Firefox/9.0.1"
::ffff:123.115.113.129 - - [16/Sep/2020:06:02:21 +0000] "GET /phpMyAdmin-2.7.0-pl2/ HTTP/1.1" 404 160 "http://106.52.197.80:8000/" "Mozilla/5.0 (Windows NT 5.1; rv:9.0.1) Gecko/20100101 Firefox/9.0.1"
::ffff:123.115.113.129 - - [16/Sep/2020:06:02:21 +0000] "GET /phpMyAdmin-2.7.0/ HTTP/1.1" 404 160 "http://106.52.197.80:8000/" "Mozilla/5.0 (Windows NT 5.1; rv:9.0.1) Gecko/20100101 Firefox/9.0.1"
::ffff:123.115.113.129 - - [16/Sep/2020:06:02:21 +0000] "GET /phpMyAdmin-2.8.0-beta1/ HTTP/1.1" 404 160 "http://106.52.197.80:8000/" "Mozilla/5.0 (Windows NT 5.1; rv:9.0.1) Gecko/20100101 Firefox/9.0.1"
::ffff:123.115.113.129 - - [16/Sep/2020:06:02:21 +0000] "GET /phpMyAdmin-2.8.0-rc1/ HTTP/1.1" 404 160 "http://106.52.197.80:8000/" "Mozilla/5.0 (Windows NT 5.1; rv:9.0.1) Gecko/20100101 Firefox/9.0.1"
::ffff:123.115.113.129 - - [16/Sep/2020:06:02:21 +0000] "GET /phpMyAdmin-2.8.0-rc2/ HTTP/1.1" 404 160 "http://106.52.197.80:8000/" "Mozilla/5.0 (Windows NT 5.1; rv:9.0.1) Gecko/20100101 Firefox/9.0.1"
::ffff:123.115.113.129 - - [16/Sep/2020:06:02:22 +0000] "GET /phpMyAdmin-2.8.0/ HTTP/1.1" 404 160 "http://106.52.197.80:8000/" "Mozilla/5.0 (Windows NT 5.1; rv:9.0.1) Gecko/20100101 Firefox/9.0.1"
::ffff:123.115.113.129 - - [16/Sep/2020:06:02:22 +0000] "GET /phpMyAdmin-2.8.0.1/ HTTP/1.1" 404 160 "http://106.52.197.80:8000/" "Mozilla/5.0 (Windows NT 5.1; rv:9.0.1) Gecko/20100101 Firefox/9.0.1"
::ffff:123.115.113.129 - - [16/Sep/2020:06:02:22 +0000] "GET /phpMyAdmin-2.8.0.2/ HTTP/1.1" 404 160 "http://106.52.197.80:8000/" "Mozilla/5.0 (Windows NT 5.1; rv:9.0.1) Gecko/20100101 Firefox/9.0.1"
::ffff:123.115.113.129 - - [16/Sep/2020:06:02:22 +0000] "GET /phpMyAdmin-2.8.0.3/ HTTP/1.1" 404 160 "http://106.52.197.80:8000/" "Mozilla/5.0 (Windows NT 5.1; rv:9.0.1) Gecko/20100101 Firefox/9.0.1"
::ffff:123.115.113.129 - - [16/Sep/2020:06:02:22 +0000] "GET /phpMyAdmin-2.8.0.4/ HTTP/1.1" 404 160 "http://106.52.197.80:8000/" "Mozilla/5.0 (Windows NT 5.1; rv:9.0.1) Gecko/20100101 Firefox/9.0.1"
::ffff:123.115.113.129 - - [16/Sep/2020:06:02:22 +0000] "GET /phpMyAdmin-2.8.1-rc1/ HTTP/1.1" 404 160 "http://106.52.197.80:8000/" "Mozilla/5.0 (Windows NT 5.1; rv:9.0.1) Gecko/20100101 Firefox/9.0.1"
::ffff:123.115.113.129 - - [16/Sep/2020:06:02:23 +0000] "GET /phpMyAdmin-2.8.1/ HTTP/1.1" 404 160 "http://106.52.197.80:8000/" "Mozilla/5.0 (Windows NT 5.1; rv:9.0.1) Gecko/20100101 Firefox/9.0.1"
::ffff:123.115.113.129 - - [16/Sep/2020:06:02:23 +0000] "GET /phpMyAdmin-2.8.2/ HTTP/1.1" 404 160 "http://106.52.197.80:8000/" "Mozilla/5.0 (Windows NT 5.1; rv:9.0.1) Gecko/20100101 Firefox/9.0.1"
::ffff:123.115.113.129 - - [16/Sep/2020:06:02:23 +0000] "GET /sqlmanager/ HTTP/1.1" 404 160 "http://106.52.197.80:8000/" "Mozilla/5.0 (Windows NT 5.1; rv:9.0.1) Gecko/20100101 Firefox/9.0.1"
::ffff:123.115.113.129 - - [16/Sep/2020:06:02:23 +0000] "GET /mysqlmanager/ HTTP/1.1" 404 160 "http://106.52.197.80:8000/" "Mozilla/5.0 (Windows NT 5.1; rv:9.0.1) Gecko/20100101 Firefox/9.0.1"
::ffff:123.115.113.129 - - [16/Sep/2020:06:02:23 +0000] "GET /p/m/a/ HTTP/1.1" 404 160 "http://106.52.197.80:8000/" "Mozilla/5.0 (Windows NT 5.1; rv:9.0.1) Gecko/20100101 Firefox/9.0.1"
::ffff:123.115.113.129 - - [16/Sep/2020:06:02:23 +0000] "GET /PMA2005/ HTTP/1.1" 404 160 "http://106.52.197.80:8000/" "Mozilla/5.0 (Windows NT 5.1; rv:9.0.1) Gecko/20100101 Firefox/9.0.1"
::ffff:123.115.113.129 - - [16/Sep/2020:06:02:24 +0000] "GET /pma2005/ HTTP/1.1" 404 160 "http://106.52.197.80:8000/" "Mozilla/5.0 (Windows NT 5.1; rv:9.0.1) Gecko/20100101 Firefox/9.0.1"
::ffff:123.115.113.129 - - [16/Sep/2020:06:02:24 +0000] "GET /phpmanager/ HTTP/1.1" 404 160 "http://106.52.197.80:8000/" "Mozilla/5.0 (Windows NT 5.1; rv:9.0.1) Gecko/20100101 Firefox/9.0.1"
::ffff:123.115.113.129 - - [16/Sep/2020:06:02:24 +0000] "GET /php-myadmin/ HTTP/1.1" 404 160 "http://106.52.197.80:8000/" "Mozilla/5.0 (Windows NT 5.1; rv:9.0.1) Gecko/20100101 Firefox/9.0.1"
::ffff:123.115.113.129 - - [16/Sep/2020:06:02:24 +0000] "GET /phpmy-admin/ HTTP/1.1" 404 160 "http://106.52.197.80:8000/" "Mozilla/5.0 (Windows NT 5.1; rv:9.0.1) Gecko/20100101 Firefox/9.0.1"
::ffff:123.115.113.129 - - [16/Sep/2020:06:02:24 +0000] "GET /webadmin/ HTTP/1.1" 404 160 "http://106.52.197.80:8000/" "Mozilla/5.0 (Windows NT 5.1; rv:9.0.1) Gecko/20100101 Firefox/9.0.1"
::ffff:123.115.113.129 - - [16/Sep/2020:06:02:24 +0000] "GET /sqlweb/ HTTP/1.1" 404 160 "http://106.52.197.80:8000/" "Mozilla/5.0 (Windows NT 5.1; rv:9.0.1) Gecko/20100101 Firefox/9.0.1"
::ffff:123.115.113.129 - - [16/Sep/2020:06:02:25 +0000] "GET /websql/ HTTP/1.1" 404 160 "http://106.52.197.80:8000/" "Mozilla/5.0 (Windows NT 5.1; rv:9.0.1) Gecko/20100101 Firefox/9.0.1"
::ffff:123.115.113.129 - - [16/Sep/2020:06:02:25 +0000] "GET /webdb/ HTTP/1.1" 404 160 "http://106.52.197.80:8000/" "Mozilla/5.0 (Windows NT 5.1; rv:9.0.1) Gecko/20100101 Firefox/9.0.1"
::ffff:123.115.113.129 - - [16/Sep/2020:06:02:25 +0000] "GET /mysqladmin/ HTTP/1.1" 404 160 "http://106.52.197.80:8000/" "Mozilla/5.0 (Windows NT 5.1; rv:9.0.1) Gecko/20100101 Firefox/9.0.1"
::ffff:123.115.113.129 - - [16/Sep/2020:06:02:25 +0000] "GET /mysql-admin/ HTTP/1.1" 404 160 "http://106.52.197.80:8000/" "Mozilla/5.0 (Windows NT 5.1; rv:9.0.1) Gecko/20100101 Firefox/9.0.1"
::ffff:83.97.20.25 - - [16/Sep/2020:07:17:00 +0000] "GET / HTTP/1.0" 404 160 "-" "-"
::ffff:80.82.70.187 - - [16/Sep/2020:11:43:39 +0000] "GET http://www.baidu.com/cache/global/img/gs.gif HTTP/1.1" 404 160 "-" "Mozilla"
::ffff:180.149.125.164 - - [16/Sep/2020:13:55:51 +0000] "GET /c/ HTTP/1.1" 404 160 "-" "Mozilla/5.0 (Windows NT 5.1; Win64; x64) AppleWebKit/537.36 (KHTML, like Gecko) Chrome/60.0.3112.90 Safari/537.36"
::ffff:42.240.133.87 - - [16/Sep/2020:14:18:51 +0000] "GET / HTTP/1.0" 404 160 "-" "-"
::ffff:42.240.133.87 - - [16/Sep/2020:14:18:51 +0000] "GET / HTTP/1.0" 404 160 "-" "-"
::ffff:106.75.190.9 - - [16/Sep/2020:14:18:51 +0000] "GET / HTTP/1.1" 404 160 "-" "Mozilla/5.0 (Windows NT 6.1) AppleWebKit/537.36 (KHTML, like Gecko) Chrome/49.0.2623.112 Safari/537.36"
::ffff:106.75.211.195 - - [16/Sep/2020:14:24:46 +0000] "GET http://www.qq.com/404/search_children.js HTTP/1.1" 404 160 "-" "Mozilla/5.0 (X11; Linux x86_64) AppleWebKit/537.36 (KHTML, like Gecko) Chrome/35.0.1916.114 Safari/537.36"
::ffff:83.97.20.25 - - [16/Sep/2020:17:47:40 +0000] "GET / HTTP/1.0" 404 160 "-" "-"
::ffff:83.97.20.25 - - [16/Sep/2020:18:48:55 +0000] "GET / HTTP/1.0" 404 160 "-" "-"
::ffff:101.89.19.140 - - [16/Sep/2020:20:21:34 +0000] "GET http://106.52.197.80:8000/ HTTP/1.1" 404 160 "-" "Mozilla/5.0 (Windows NT 6.1; WOW64; rv:57.0) Gecko/20100101 Firefox/57.0"
::ffff:172.104.92.166 - - [16/Sep/2020:20:26:13 +0000] "GET / HTTP/1.1" 404 160 "-" "HTTP Banner Detection (https://security.ipip.net)"
::ffff:80.82.70.187 - - [16/Sep/2020:21:21:17 +0000] "GET http://www.baidu.com/cache/global/img/gs.gif HTTP/1.1" 404 160 "-" "Mozilla"
::ffff:127.0.0.1 - - [16/Sep/2020:22:28:40 +0000] "POST /api/jsonws/invoke HTTP/1.0" 404 160 "-" "Mozilla/5.0 (Windows NT 10.0; Win64; x64) AppleWebKit/537.36 (KHTML, like Gecko) Chrome/78.0.3904.108 Safari/537.36"
::ffff:83.97.20.25 - - [17/Sep/2020:04:54:19 +0000] "GET / HTTP/1.0" 404 160 "-" "-"
::ffff:83.97.20.25 - - [17/Sep/2020:05:27:10 +0000] "GET / HTTP/1.0" 404 160 "-" "-"
::ffff:185.39.11.84 - - [17/Sep/2020:06:35:06 +0000] "GET / HTTP/1.1" 404 160 "-" "Mozilla/5.0 zgrab/0.x"
::ffff:185.39.11.105 - - [17/Sep/2020:06:37:34 +0000] "GET http://example.com/ HTTP/1.1" 404 160 "-" "Go-http-client/1.1"
::ffff:80.82.70.187 - - [17/Sep/2020:06:58:13 +0000] "GET http://www.baidu.com/cache/global/img/gs.gif HTTP/1.1" 404 160 "-" "Mozilla"
::ffff:106.75.211.42 - - [17/Sep/2020:13:22:47 +0000] "GET http://www.qq.com/404/search_children.js HTTP/1.1" 404 160 "-" "Mozilla/5.0 (X11; Linux x86_64) AppleWebKit/537.36 (KHTML, like Gecko) Chrome/35.0.1916.114 Safari/537.36"
::ffff:127.0.0.1 - - [17/Sep/2020:14:40:06 +0000] "POST /api/user/login HTTP/1.0" 200 32 "http://106.52.197.80/login.html" "Mozilla/5.0 (Windows NT 10.0; Win64; x64) AppleWebKit/537.36 (KHTML, like Gecko) Chrome/85.0.4183.102 Safari/537.36"
::ffff:127.0.0.1 - - [17/Sep/2020:14:40:06 +0000] "GET /api/blog/list?isadmin=1 HTTP/1.0" 304 - "http://106.52.197.80/admin.html" "Mozilla/5.0 (Windows NT 10.0; Win64; x64) AppleWebKit/537.36 (KHTML, like Gecko) Chrome/85.0.4183.102 Safari/537.36"
::ffff:127.0.0.1 - - [17/Sep/2020:14:42:21 +0000] "GET /api/blog/list HTTP/1.0" 200 3557 "http://106.52.197.80/" "Mozilla/5.0 (Windows NT 10.0; Win64; x64) AppleWebKit/537.36 (KHTML, like Gecko) Chrome/81.0.4044.129 Safari/537.36"
::ffff:127.0.0.1 - - [17/Sep/2020:14:42:26 +0000] "GET /api/blog/detail?id=33 HTTP/1.0" 200 361 "http://106.52.197.80/detail.html?id=33" "Mozilla/5.0 (Windows NT 10.0; Win64; x64) AppleWebKit/537.36 (KHTML, like Gecko) Chrome/81.0.4044.129 Safari/537.36"
::ffff:127.0.0.1 - - [17/Sep/2020:14:42:31 +0000] "GET /api/blog/detail?id=33 HTTP/1.0" 304 - "http://106.52.197.80/detail.html?id=33" "Mozilla/5.0 (Windows NT 10.0; Win64; x64) AppleWebKit/537.36 (KHTML, like Gecko) Chrome/81.0.4044.129 Safari/537.36"
::ffff:127.0.0.1 - - [17/Sep/2020:14:43:34 +0000] "GET /api/blog/detail?id=undefined HTTP/1.0" - - "http://106.52.197.80/detail.html" "Mozilla/5.0 (Windows NT 10.0; Win64; x64) AppleWebKit/537.36 (KHTML, like Gecko) Chrome/81.0.4044.129 Safari/537.36"
::ffff:127.0.0.1 - - [17/Sep/2020:14:48:48 +0000] "GET /api/blog/list HTTP/1.0" 304 - "http://106.52.197.80/" "Mozilla/5.0 (Windows NT 10.0; Win64; x64) AppleWebKit/537.36 (KHTML, like Gecko) Chrome/85.0.4183.102 Safari/537.36"
::ffff:127.0.0.1 - - [17/Sep/2020:14:48:54 +0000] "GET /api/blog/list HTTP/1.0" 304 - "http://106.52.197.80/" "Mozilla/5.0 (Windows NT 10.0; Win64; x64) AppleWebKit/537.36 (KHTML, like Gecko) Chrome/85.0.4183.102 Safari/537.36"
::ffff:127.0.0.1 - - [17/Sep/2020:14:51:52 +0000] "GET /api/blog/list HTTP/1.0" 200 3557 "http://www.guojin.site/" "Mozilla/5.0 (Windows NT 10.0; Win64; x64) AppleWebKit/537.36 (KHTML, like Gecko) Chrome/85.0.4183.102 Safari/537.36"
::ffff:127.0.0.1 - - [17/Sep/2020:14:51:53 +0000] "GET /api/blog/list HTTP/1.0" 304 - "http://www.guojin.site/" "Mozilla/5.0 (Windows NT 10.0; Win64; x64) AppleWebKit/537.36 (KHTML, like Gecko) Chrome/85.0.4183.102 Safari/537.36"
::ffff:127.0.0.1 - - [17/Sep/2020:14:52:16 +0000] "GET /api/blog/detail?id=30 HTTP/1.0" 200 505 "http://www.guojin.site/detail.html?id=30" "Mozilla/5.0 (Windows NT 10.0; Win64; x64) AppleWebKit/537.36 (KHTML, like Gecko) Chrome/85.0.4183.102 Safari/537.36"
::ffff:127.0.0.1 - - [17/Sep/2020:14:52:36 +0000] "GET /api/blog/detail?id=29 HTTP/1.0" 200 155 "http://www.guojin.site/detail.html?id=29" "Mozilla/5.0 (Windows NT 10.0; Win64; x64) AppleWebKit/537.36 (KHTML, like Gecko) Chrome/85.0.4183.102 Safari/537.36"
::ffff:127.0.0.1 - - [17/Sep/2020:15:03:02 +0000] "GET /api/blog/list HTTP/1.0" 200 3557 "http://www.guojin.site/" "Mozilla/5.0 (Windows NT 10.0; Win64; x64) AppleWebKit/537.36 (KHTML, like Gecko) Chrome/81.0.4044.129 Safari/537.36"
::ffff:83.97.20.25 - - [17/Sep/2020:15:06:53 +0000] "GET / HTTP/1.0" 404 160 "-" "-"
::ffff:80.82.70.187 - - [17/Sep/2020:16:36:06 +0000] "GET http://www.baidu.com/cache/global/img/gs.gif HTTP/1.1" 404 160 "-" "Mozilla"
::ffff:45.76.144.219 - - [17/Sep/2020:19:11:24 +0000] "GET / HTTP/1.1" 404 160 "-" "python-requests/2.18.4"
::ffff:185.39.11.105 - - [18/Sep/2020:01:51:18 +0000] "GET http://example.com/ HTTP/1.1" 404 160 "-" "Go-http-client/1.1"
::ffff:83.97.20.25 - - [18/Sep/2020:02:19:03 +0000] "GET / HTTP/1.0" 404 160 "-" "-"
::ffff:127.0.0.1 - - [18/Sep/2020:04:23:11 +0000] "GET /api/blog/list HTTP/1.0" 304 - "http://www.guojin.site/" "Mozilla/5.0 (Windows NT 10.0; Win64; x64) AppleWebKit/537.36 (KHTML, like Gecko) Chrome/85.0.4183.102 Safari/537.36"
::ffff:127.0.0.1 - - [18/Sep/2020:04:23:12 +0000] "GET /api/blog/detail?id=34 HTTP/1.0" 200 122 "http://www.guojin.site/detail.html?id=34" "Mozilla/5.0 (Windows NT 10.0; Win64; x64) AppleWebKit/537.36 (KHTML, like Gecko) Chrome/85.0.4183.102 Safari/537.36"
